Archive member included to satisfy reference by file (symbol)

C:/ST/STM32CubeIDE_2.1.0/STM32CubeIDE/plugins/com.st.stm32cube.ide.mcu.externaltools.gnu-tools-for-stm32.14.3.rel1.win32_1.0.100.202602081740/tools/bin/../lib/gcc/arm-none-eabi/14.3.1/../../../../arm-none-eabi/lib/thumb/v7e-m+dp/hard\libc_nano.a(libc_a-exit.o)
                              C:/ST/STM32CubeIDE_2.1.0/STM32CubeIDE/plugins/com.st.stm32cube.ide.mcu.externaltools.gnu-tools-for-stm32.14.3.rel1.win32_1.0.100.202602081740/tools/bin/../lib/gcc/arm-none-eabi/14.3.1/../../../../arm-none-eabi/lib/thumb/v7e-m+dp/hard/crt0.o (exit)
C:/ST/STM32CubeIDE_2.1.0/STM32CubeIDE/plugins/com.st.stm32cube.ide.mcu.externaltools.gnu-tools-for-stm32.14.3.rel1.win32_1.0.100.202602081740/tools/bin/../lib/gcc/arm-none-eabi/14.3.1/../../../../arm-none-eabi/lib/thumb/v7e-m+dp/hard\libc_nano.a(libc_a-findfp.o)
                              C:/ST/STM32CubeIDE_2.1.0/STM32CubeIDE/plugins/com.st.stm32cube.ide.mcu.externaltools.gnu-tools-for-stm32.14.3.rel1.win32_1.0.100.202602081740/tools/bin/../lib/gcc/arm-none-eabi/14.3.1/../../../../arm-none-eabi/lib/thumb/v7e-m+dp/hard\libc_nano.a(libc_a-exit.o) (__stdio_exit_handler)
C:/ST/STM32CubeIDE_2.1.0/STM32CubeIDE/plugins/com.st.stm32cube.ide.mcu.externaltools.gnu-tools-for-stm32.14.3.rel1.win32_1.0.100.202602081740/tools/bin/../lib/gcc/arm-none-eabi/14.3.1/../../../../arm-none-eabi/lib/thumb/v7e-m+dp/hard\libc_nano.a(libc_a-fwalk.o)
                              C:/ST/STM32CubeIDE_2.1.0/STM32CubeIDE/plugins/com.st.stm32cube.ide.mcu.externaltools.gnu-tools-for-stm32.14.3.rel1.win32_1.0.100.202602081740/tools/bin/../lib/gcc/arm-none-eabi/14.3.1/../../../../arm-none-eabi/lib/thumb/v7e-m+dp/hard\libc_nano.a(libc_a-findfp.o) (_fwalk_sglue)
C:/ST/STM32CubeIDE_2.1.0/STM32CubeIDE/plugins/com.st.stm32cube.ide.mcu.externaltools.gnu-tools-for-stm32.14.3.rel1.win32_1.0.100.202602081740/tools/bin/../lib/gcc/arm-none-eabi/14.3.1/../../../../arm-none-eabi/lib/thumb/v7e-m+dp/hard\libc_nano.a(libc_a-stdio.o)
                              C:/ST/STM32CubeIDE_2.1.0/STM32CubeIDE/plugins/com.st.stm32cube.ide.mcu.externaltools.gnu-tools-for-stm32.14.3.rel1.win32_1.0.100.202602081740/tools/bin/../lib/gcc/arm-none-eabi/14.3.1/../../../../arm-none-eabi/lib/thumb/v7e-m+dp/hard\libc_nano.a(libc_a-findfp.o) (__sread)
C:/ST/STM32CubeIDE_2.1.0/STM32CubeIDE/plugins/com.st.stm32cube.ide.mcu.externaltools.gnu-tools-for-stm32.14.3.rel1.win32_1.0.100.202602081740/tools/bin/../lib/gcc/arm-none-eabi/14.3.1/../../../../arm-none-eabi/lib/thumb/v7e-m+dp/hard\libc_nano.a(libc_a-memset.o)
                              C:/ST/STM32CubeIDE_2.1.0/STM32CubeIDE/plugins/com.st.stm32cube.ide.mcu.externaltools.gnu-tools-for-stm32.14.3.rel1.win32_1.0.100.202602081740/tools/bin/../lib/gcc/arm-none-eabi/14.3.1/../../../../arm-none-eabi/lib/thumb/v7e-m+dp/hard/crt0.o (memset)
C:/ST/STM32CubeIDE_2.1.0/STM32CubeIDE/plugins/com.st.stm32cube.ide.mcu.externaltools.gnu-tools-for-stm32.14.3.rel1.win32_1.0.100.202602081740/tools/bin/../lib/gcc/arm-none-eabi/14.3.1/../../../../arm-none-eabi/lib/thumb/v7e-m+dp/hard\libc_nano.a(libc_a-closer.o)
                              C:/ST/STM32CubeIDE_2.1.0/STM32CubeIDE/plugins/com.st.stm32cube.ide.mcu.externaltools.gnu-tools-for-stm32.14.3.rel1.win32_1.0.100.202602081740/tools/bin/../lib/gcc/arm-none-eabi/14.3.1/../../../../arm-none-eabi/lib/thumb/v7e-m+dp/hard\libc_nano.a(libc_a-stdio.o) (_close_r)
C:/ST/STM32CubeIDE_2.1.0/STM32CubeIDE/plugins/com.st.stm32cube.ide.mcu.externaltools.gnu-tools-for-stm32.14.3.rel1.win32_1.0.100.202602081740/tools/bin/../lib/gcc/arm-none-eabi/14.3.1/../../../../arm-none-eabi/lib/thumb/v7e-m+dp/hard\libc_nano.a(libc_a-reent.o)
                              C:/ST/STM32CubeIDE_2.1.0/STM32CubeIDE/plugins/com.st.stm32cube.ide.mcu.externaltools.gnu-tools-for-stm32.14.3.rel1.win32_1.0.100.202602081740/tools/bin/../lib/gcc/arm-none-eabi/14.3.1/../../../../arm-none-eabi/lib/thumb/v7e-m+dp/hard\libc_nano.a(libc_a-closer.o) (errno)
C:/ST/STM32CubeIDE_2.1.0/STM32CubeIDE/plugins/com.st.stm32cube.ide.mcu.externaltools.gnu-tools-for-stm32.14.3.rel1.win32_1.0.100.202602081740/tools/bin/../lib/gcc/arm-none-eabi/14.3.1/../../../../arm-none-eabi/lib/thumb/v7e-m+dp/hard\libc_nano.a(libc_a-impure.o)
                              C:/ST/STM32CubeIDE_2.1.0/STM32CubeIDE/plugins/com.st.stm32cube.ide.mcu.externaltools.gnu-tools-for-stm32.14.3.rel1.win32_1.0.100.202602081740/tools/bin/../lib/gcc/arm-none-eabi/14.3.1/../../../../arm-none-eabi/lib/thumb/v7e-m+dp/hard\libc_nano.a(libc_a-reent.o) (_impure_ptr)
C:/ST/STM32CubeIDE_2.1.0/STM32CubeIDE/plugins/com.st.stm32cube.ide.mcu.externaltools.gnu-tools-for-stm32.14.3.rel1.win32_1.0.100.202602081740/tools/bin/../lib/gcc/arm-none-eabi/14.3.1/../../../../arm-none-eabi/lib/thumb/v7e-m+dp/hard\libc_nano.a(libc_a-lseekr.o)
[...]
Memory Configuration

Name             Origin             Length             Attributes
RAM_D1           0x24000000         0x00080000         xrw
FLASH            0x08000000         0x00100000         xr
DTCMRAM          0x20000000         0x00020000         xrw
RAM_D2           0x30000000         0x00048000         xrw
RAM_D3           0x38000000         0x00010000         xrw
ITCMRAM          0x00000000         0x00010000         xrw
*default*        0x00000000         0xffffffff

Linker script and memory map

LOAD C:/ST/STM32CubeIDE_2.1.0/STM32CubeIDE/plugins/com.st.stm32cube.ide.mcu.externaltools.gnu-tools-for-stm32.14.3.rel1.win32_1.0.100.202602081740/tools/bin/../lib/gcc/arm-none-eabi/14.3.1/thumb/v7e-m+dp/hard/crti.o
LOAD C:/ST/STM32CubeIDE_2.1.0/STM32CubeIDE/plugins/com.st.stm32cube.ide.mcu.externaltools.gnu-tools-for-stm32.14.3.rel1.win32_1.0.100.202602081740/tools/bin/../lib/gcc/arm-none-eabi/14.3.1/thumb/v7e-m+dp/hard/crtbegin.o
LOAD C:/ST/STM32CubeIDE_2.1.0/STM32CubeIDE/plugins/com.st.stm32cube.ide.mcu.externaltools.gnu-tools-for-stm32.14.3.rel1.win32_1.0.100.202602081740/tools/bin/../lib/gcc/arm-none-eabi/14.3.1/../../../../arm-none-eabi/lib/thumb/v7e-m+dp/hard/crt0.o
LOAD ./Common/Src/system_stm32h7xx_dualcore_boot_cm4_cm7.o
LOAD ./Core/Src/fmc.o
LOAD ./Core/Src/gpio.o
LOAD ./Core/Src/i2c.o
LOAD ./Core/Src/main.o
LOAD ./Core/Src/quadspi.o
LOAD ./Core/Src/sai.o
LOAD ./Core/Src/sdmmc.o
LOAD ./Core/Src/spi.o
LOAD ./Core/Src/stm32h7xx_hal_msp.o
LOAD ./Core/Src/stm32h7xx_it.o
LOAD ./Core/Src/syscalls.o
LOAD ./Core/Src/sysmem.o
LOAD ./Core/Startup/startup_stm32h757xihx.o
LOAD ./Drivers/STM32H7xx_HAL_Driver/stm32h7xx_hal.o
LOAD ./Drivers/STM32H7xx_HAL_Driver/stm32h7xx_hal_cortex.o
LOAD ./Drivers/STM32H7xx_HAL_Driver/stm32h7xx_hal_dma.o
LOAD ./Drivers/STM32H7xx_HAL_Driver/stm32h7xx_hal_dma_ex.o
LOAD ./Drivers/STM32H7xx_HAL_Driver/stm32h7xx_hal_exti.o
LOAD ./Drivers/STM32H7xx_HAL_Driver/stm32h7xx_hal_flash.o
LOAD ./Drivers/STM32H7xx_HAL_Driver/stm32h7xx_hal_flash_ex.o
LOAD ./Drivers/STM32H7xx_HAL_Driver/stm32h7xx_hal_gpio.o
LOAD ./Drivers/STM32H7xx_HAL_Driver/stm32h7xx_hal_hsem.o
LOAD ./Drivers/STM32H7xx_HAL_Driver/stm32h7xx_hal_i2c.o
LOAD ./Drivers/STM32H7xx_HAL_Driver/stm32h7xx_hal_i2c_ex.o
LOAD ./Drivers/STM32H7xx_HAL_Driver/stm32h7xx_hal_mdma.o
LOAD ./Drivers/STM32H7xx_HAL_Driver/stm32h7xx_hal_mmc.o
LOAD ./Drivers/STM32H7xx_HAL_Driver/stm32h7xx_hal_mmc_ex.o
LOAD ./Drivers/STM32H7xx_HAL_Driver/stm32h7xx_hal_nand.o
LOAD ./Drivers/STM32H7xx_HAL_Driver/stm32h7xx_hal_nor.o
LOAD ./Drivers/STM32H7xx_HAL_Driver/stm32h7xx_hal_pcd.o
LOAD ./Drivers/STM32H7xx_HAL_Driver/stm32h7xx_hal_pcd_ex.o
LOAD ./Drivers/STM32H7xx_HAL_Driver/stm32h7xx_hal_pwr.o
LOAD ./Drivers/STM32H7xx_HAL_Driver/stm32h7xx_hal_pwr_ex.o
LOAD ./Drivers/STM32H7xx_HAL_Driver/stm32h7xx_hal_qspi.o
LOAD ./Drivers/STM32H7xx_HAL_Driver/stm32h7xx_hal_rcc.o
LOAD ./Drivers/STM32H7xx_HAL_Driver/stm32h7xx_hal_rcc_ex.o
LOAD ./Drivers/STM32H7xx_HAL_Driver/stm32h7xx_hal_sai.o
LOAD ./Drivers/STM32H7xx_HAL_Driver/stm32h7xx_hal_sai_ex.o
LOAD ./Drivers/STM32H7xx_HAL_Driver/stm32h7xx_hal_sd.o
LOAD ./Drivers/STM32H7xx_HAL_Driver/stm32h7xx_hal_sd_ex.o
LOAD ./Drivers/STM32H7xx_HAL_Driver/stm32h7xx_hal_sdram.o
LOAD ./Drivers/STM32H7xx_HAL_Driver/stm32h7xx_hal_spi.o
LOAD ./Drivers/STM32H7xx_HAL_Driver/stm32h7xx_hal_spi_ex.o
LOAD ./Drivers/STM32H7xx_HAL_Driver/stm32h7xx_hal_sram.o
LOAD ./Drivers/STM32H7xx_HAL_Driver/stm32h7xx_hal_tim.o
LOAD ./Drivers/STM32H7xx_HAL_Driver/stm32h7xx_hal_tim_ex.o
LOAD ./Drivers/STM32H7xx_HAL_Driver/stm32h7xx_ll_delayblock.o
LOAD ./Drivers/STM32H7xx_HAL_Driver/stm32h7xx_ll_fmc.o
LOAD ./Drivers/STM32H7xx_HAL_Driver/stm32h7xx_ll_sdmmc.o
LOAD ./Drivers/STM32H7xx_HAL_Driver/stm32h7xx_ll_usb.o
LOAD ./Middlewares/ST/STM32_USB_Device_Library/usbd_cdc.o
LOAD ./Middlewares/ST/STM32_USB_Device_Library/usbd_core.o
LOAD ./Middlewares/ST/STM32_USB_Device_Library/usbd_ctlreq.o
LOAD ./Middlewares/ST/STM32_USB_Device_Library/usbd_ioreq.o
LOAD ./USB_DEVICE/App/usb_device.o
LOAD ./USB_DEVICE/App/usbd_cdc_if.o
LOAD ./USB_DEVICE/App/usbd_desc.o
LOAD ./USB_DEVICE/Target/usbd_conf.o
START GROUP
LOAD C:/ST/STM32CubeIDE_2.1.0/STM32CubeIDE/plugins/com.st.stm32cube.ide.mcu.externaltools.gnu-tools-for-stm32.14.3.rel1.win32_1.0.100.202602081740/tools/bin/../lib/gcc/arm-none-eabi/14.3.1/../../../../arm-none-eabi/lib/thumb/v7e-m+dp/hard\libstdc++_nano.a
LOAD C:/ST/STM32CubeIDE_2.1.0/STM32CubeIDE/plugins/com.st.stm32cube.ide.mcu.externaltools.gnu-tools-for-stm32.14.3.rel1.win32_1.0.100.202602081740/tools/bin/../lib/gcc/arm-none-eabi/14.3.1/../../../../arm-none-eabi/lib/thumb/v7e-m+dp/hard\libsupc++_nano.a
END GROUP
LOAD C:/ST/STM32CubeIDE_2.1.0/STM32CubeIDE/plugins/com.st.stm32cube.ide.mcu.externaltools.gnu-tools-for-stm32.14.3.rel1.win32_1.0.100.202602081740/tools/bin/../lib/gcc/arm-none-eabi/14.3.1/../../../../arm-none-eabi/lib/thumb/v7e-m+dp/hard\libstdc++_nano.a
LOAD C:/ST/STM32CubeIDE_2.1.0/STM32CubeIDE/plugins/com.st.stm32cube.ide.mcu.externaltools.gnu-tools-for-stm32.14.3.rel1.win32_1.0.100.202602081740/tools/bin/../lib/gcc/arm-none-eabi/14.3.1/../../../../arm-none-eabi/lib/thumb/v7e-m+dp/hard\libm.a
LOAD C:/ST/STM32CubeIDE_2.1.0/STM32CubeIDE/plugins/com.st.stm32cube.ide.mcu.externaltools.gnu-tools-for-stm32.14.3.rel1.win32_1.0.100.202602081740/tools/bin/../lib/gcc/arm-none-eabi/14.3.1/../../../../arm-none-eabi/lib/thumb/v7e-m+dp/hard\libc_nano.a
START GROUP
LOAD C:/ST/STM32CubeIDE_2.1.0/STM32CubeIDE/plugins/com.st.stm32cube.ide.mcu.externaltools.gnu-tools-for-stm32.14.3.rel1.win32_1.0.100.202602081740/tools/bin/../lib/gcc/arm-none-eabi/14.3.1/thumb/v7e-m+dp/hard\libgcc.a
LOAD C:/ST/STM32CubeIDE_2.1.0/STM32CubeIDE/plugins/com.st.stm32cube.ide.mcu.externaltools.gnu-tools-for-stm32.14.3.rel1.win32_1.0.100.202602081740/tools/bin/../lib/gcc/arm-none-eabi/14.3.1/../../../../arm-none-eabi/lib/thumb/v7e-m+dp/hard\libc_nano.a
END GROUP
START GROUP
LOAD C:/ST/STM32CubeIDE_2.1.0/STM32CubeIDE/plugins/com.st.stm32cube.ide.mcu.externaltools.gnu-tools-for-stm32.14.3.rel1.win32_1.0.100.202602081740/tools/bin/../lib/gcc/arm-none-eabi/14.3.1/thumb/v7e-m+dp/hard\libgcc.a
LOAD C:/ST/STM32CubeIDE_2.1.0/STM32CubeIDE/plugins/com.st.stm32cube.ide.mcu.externaltools.gnu-tools-for-stm32.14.3.rel1.win32_1.0.100.202602081740/tools/bin/../lib/gcc/arm-none-eabi/14.3.1/../../../../arm-none-eabi/lib/thumb/v7e-m+dp/hard\libc_nano.a
LOAD C:/ST/STM32CubeIDE_2.1.0/STM32CubeIDE/plugins/com.st.stm32cube.ide.mcu.externaltools.gnu-tools-for-stm32.14.3.rel1.win32_1.0.100.202602081740/tools/bin/../lib/gcc/arm-none-eabi/14.3.1/../../../../arm-none-eabi/lib/thumb/v7e-m+dp/hard\libnosys.a
END GROUP
START GROUP
LOAD C:/ST/STM32CubeIDE_2.1.0/STM32CubeIDE/plugins/com.st.stm32cube.ide.mcu.externaltools.gnu-tools-for-stm32.14.3.rel1.win32_1.0.100.202602081740/tools/bin/../lib/gcc/arm-none-eabi/14.3.1/thumb/v7e-m+dp/hard\libgcc.a
LOAD C:/ST/STM32CubeIDE_2.1.0/STM32CubeIDE/plugins/com.st.stm32cube.ide.mcu.externaltools.gnu-tools-for-stm32.14.3.rel1.win32_1.0.100.202602081740/tools/bin/../lib/gcc/arm-none-eabi/14.3.1/../../../../arm-none-eabi/lib/thumb/v7e-m+dp/hard\libc_nano.a
LOAD C:/ST/STM32CubeIDE_2.1.0/STM32CubeIDE/plugins/com.st.stm32cube.ide.mcu.externaltools.gnu-tools-for-stm32.14.3.rel1.win32_1.0.100.202602081740/tools/bin/../lib/gcc/arm-none-eabi/14.3.1/../../../../arm-none-eabi/lib/thumb/v7e-m+dp/hard\libnosys.a
END GROUP
LOAD C:/ST/STM32CubeIDE_2.1.0/STM32CubeIDE/plugins/com.st.stm32cube.ide.mcu.externaltools.gnu-tools-for-stm32.14.3.rel1.win32_1.0.100.202602081740/tools/bin/../lib/gcc/arm-none-eabi/14.3.1/thumb/v7e-m+dp/hard/crtend.o
LOAD C:/ST/STM32CubeIDE_2.1.0/STM32CubeIDE/plugins/com.st.stm32cube.ide.mcu.externaltools.gnu-tools-for-stm32.14.3.rel1.win32_1.0.100.202602081740/tools/bin/../lib/gcc/arm-none-eabi/14.3.1/thumb/v7e-m+dp/hard/crtn.o
                0x24080000                        _estack = (ORIGIN (RAM_D1) + LENGTH (RAM_D1))
                0x00000200                        _Min_Heap_Size = 0x200
                0x00000400                        _Min_Stack_Size = 0x400

.isr_vector     0x08000000      0x298
                0x08000000                        . = ALIGN (0x4)
 *(.isr_vector)
 .isr_vector    0x08000000      0x298 ./Core/Startup/startup_stm32h757xihx.o
                0x08000000                g_pfnVectors
                0x08000298                        . = ALIGN (0x4)

.text           0x08000298     0xd958
                0x08000298                        . = ALIGN (0x4)
 *(.text)
 .text          0x08000298       0x40 C:/ST/STM32CubeIDE_2.1.0/STM32CubeIDE/plugins/com.st.stm32cube.ide.mcu.externaltools.gnu-tools-for-stm32.14.3.rel1.win32_1.0.100.202602081740/tools/bin/../lib/gcc/arm-none-eabi/14.3.1/thumb/v7e-m+dp/hard/crtbegin.o
 *(.text*)
 .text.SystemInit
                0x080002d8      0x15c ./Common/Src/system_stm32h7xx_dualcore_boot_cm4_cm7.o
                0x080002d8                SystemInit
 .text.ExitRun0Mode
                0x08000434       0x1c ./Common/Src/system_stm32h7xx_dualcore_boot_cm4_cm7.o
                0x08000434                ExitRun0Mode
 .text.MX_FMC_Init
                0x08000450       0x9c ./Core/Src/fmc.o
                0x08000450                MX_FMC_Init
 .text.HAL_FMC_MspInit
                0x080004ec      0x1d8 ./Core/Src/fmc.o
 .text.HAL_SDRAM_MspInit
                0x080006c4       0x14 ./Core/Src/fmc.o
                0x080006c4                HAL_SDRAM_MspInit
 .text.MX_GPIO_Init
                0x080006d8      0x124 ./Core/Src/gpio.o
                0x080006d8                MX_GPIO_Init
 .text.MX_I2C1_Init
                0x080007fc       0x80 ./Core/Src/i2c.o
                0x080007fc                MX_I2C1_Init
 .text.MX_I2C2_Init
                0x0800087c       0x80 ./Core/Src/i2c.o
                0x0800087c                MX_I2C2_Init
 .text.HAL_I2C_MspInit
                0x080008fc      0x170 ./Core/Src/i2c.o
                0x080008fc                HAL_I2C_MspInit
 .text.main     0x08000a6c       0xbc ./Core/Src/main.o
                0x08000a6c                main
 .text.SystemClock_Config
                0x08000b28       0xf4 ./Core/Src/main.o
                0x08000b28                SystemClock_Config
 .text.Error_Handler
                0x08000c1c        0xc ./Core/Src/main.o
                0x08000c1c                Error_Handler
 .text.MX_QUADSPI_Init
                0x08000c28       0x58 ./Core/Src/quadspi.o
                0x08000c28                MX_QUADSPI_Init
 .text.HAL_QSPI_MspInit
                0x08000c80      0x1bc ./Core/Src/quadspi.o
                0x08000c80                HAL_QSPI_MspInit
 .text.MX_SAI1_Init
                0x08000e3c       0xc4 ./Core/Src/sai.o
                0x08000e3c                MX_SAI1_Init
 .text.HAL_SAI_MspInit
                0x08000f00      0x170 ./Core/Src/sai.o
                0x08000f00                HAL_SAI_MspInit
 .text.MX_SDMMC1_SD_Init
                0x08001070       0x48 ./Core/Src/sdmmc.o
                0x08001070                MX_SDMMC1_SD_Init
 .text.HAL_SD_MspInit
                0x080010b8      0x11c ./Core/Src/sdmmc.o
                0x080010b8                HAL_SD_MspInit
 .text.MX_SPI2_Init
                0x080011d4       0xac ./Core/Src/spi.o
                0x080011d4                MX_SPI2_Init
 .text.MX_SPI3_Init
                0x08001280       0xac ./Core/Src/spi.o
                0x08001280                MX_SPI3_Init
 .text.HAL_SPI_MspInit
                0x0800132c      0x234 ./Core/Src/spi.o
                0x0800132c                HAL_SPI_MspInit
 .text.HAL_MspInit
                0x08001560       0x34 ./Core/Src/stm32h7xx_hal_msp.o
                0x08001560                HAL_MspInit
 .text.NMI_Handler
                0x08001594        0x8 ./Core/Src/stm32h7xx_it.o
                0x08001594                NMI_Handler
 .text.HardFault_Handler
                0x0800159c        0x8 ./Core/Src/stm32h7xx_it.o
                0x0800159c                HardFault_Handler
 .text.MemManage_Handler
                0x080015a4        0x8 ./Core/Src/stm32h7xx_it.o
                0x080015a4                MemManage_Handler
 .text.BusFault_Handler
                0x080015ac        0x8 ./Core/Src/stm32h7xx_it.o
                0x080015ac                BusFault_Handler
 .text.UsageFault_Handler
                0x080015b4        0x8 ./Core/Src/stm32h7xx_it.o
                0x080015b4                UsageFault_Handler
 .text.SVC_Handler
                0x080015bc        0xe ./Core/Src/stm32h7xx_it.o
                0x080015bc                SVC_Handler
 .text.DebugMon_Handler
                0x080015ca        0xe ./Core/Src/stm32h7xx_it.o
                0x080015ca                DebugMon_Handler
 .text.PendSV_Handler
                0x080015d8        0xe ./Core/Src/stm32h7xx_it.o
                0x080015d8                PendSV_Handler
 .text.SysTick_Handler
                0x080015e6        0xc ./Core/Src/stm32h7xx_it.o
                0x080015e6                SysTick_Handler
 *fill*         0x080015f2        0x2 
 .text.OTG_HS_IRQHandler
                0x080015f4       0x14 ./Core/Src/stm32h7xx_it.o
                0x080015f4                OTG_HS_IRQHandler
 .text.Reset_Handler
                0x08001608       0x54 ./Core/Startup/startup_stm32h757xihx.o
                0x08001608                Reset_Handler
 .text.Default_Handler
                0x0800165c        0x2 ./Core/Startup/startup_stm32h757xihx.o
                0x0800165c                RTC_Alarm_IRQHandler
                0x0800165c                HASH_RNG_IRQHandler
                0x0800165c                EXTI2_IRQHandler
                0x0800165c                TIM8_CC_IRQHandler
                0x0800165c                HRTIM1_Master_IRQHandler
                0x0800165c                UART8_IRQHandler
                0x0800165c                SPI4_IRQHandler
                0x0800165c                TIM1_CC_IRQHandler
                0x0800165c                BDMA_Channel6_IRQHandler
                0x0800165c                DMA2_Stream5_IRQHandler
                0x0800165c                HRTIM1_FLT_IRQHandler
                0x0800165c                JPEG_IRQHandler
                0x0800165c                DMA1_Stream5_IRQHandler
                0x0800165c                BDMA_Channel1_IRQHandler
                0x0800165c                HRTIM1_TIMD_IRQHandler
                0x0800165c                TAMP_STAMP_IRQHandler
                0x0800165c                EXTI3_IRQHandler
                0x0800165c                LPTIM4_IRQHandler
                0x0800165c                TIM8_TRG_COM_TIM14_IRQHandler
                0x0800165c                LPTIM2_IRQHandler
                0x0800165c                DFSDM1_FLT1_IRQHandler
                0x0800165c                DMAMUX2_OVR_IRQHandler
                0x0800165c                TIM8_UP_TIM13_IRQHandler
                0x0800165c                I2C3_ER_IRQHandler
                0x0800165c                DFSDM1_FLT2_IRQHandler
                0x0800165c                MDMA_IRQHandler
                0x0800165c                LPTIM3_IRQHandler
                0x0800165c                HSEM1_IRQHandler
                0x0800165c                EXTI0_IRQHandler
                0x0800165c                I2C2_EV_IRQHandler
                0x0800165c                DMA1_Stream2_IRQHandler
                0x0800165c                FPU_IRQHandler
                0x0800165c                OTG_HS_WKUP_IRQHandler
                0x0800165c                FDCAN1_IT1_IRQHandler
                0x0800165c                LTDC_ER_IRQHandler
                0x0800165c                DMA2_Stream2_IRQHandler
                0x0800165c                HRTIM1_TIME_IRQHandler
                0x0800165c                SPI1_IRQHandler
                0x0800165c                TIM6_DAC_IRQHandler
                0x0800165c                DCMI_IRQHandler
                0x0800165c                HRTIM1_TIMC_IRQHandler
                0x0800165c                DMA2_Stream3_IRQHandler
                0x0800165c                SAI2_IRQHandler
                0x0800165c                DFSDM1_FLT3_IRQHandler
                0x0800165c                USART6_IRQHandler
                0x0800165c                TIM17_IRQHandler
                0x0800165c                USART3_IRQHandler
                0x0800165c                BDMA_Channel7_IRQHandler
                0x0800165c                CRYP_IRQHandler
                0x0800165c                LPTIM5_IRQHandler
                0x0800165c                UART5_IRQHandler
                0x0800165c                ADC3_IRQHandler
                0x0800165c                DMA2_Stream0_IRQHandler
                0x0800165c                TIM4_IRQHandler
                0x0800165c                BDMA_Channel2_IRQHandler
                0x0800165c                QUADSPI_IRQHandler
                0x0800165c                I2C1_EV_IRQHandler
                0x0800165c                DMA1_Stream6_IRQHandler
                0x0800165c                DMAMUX1_OVR_IRQHandler
                0x0800165c                DMA1_Stream1_IRQHandler
                0x0800165c                TIM16_IRQHandler
                0x0800165c                UART4_IRQHandler
                0x0800165c                BDMA_Channel5_IRQHandler
                0x0800165c                TIM3_IRQHandler
                0x0800165c                RCC_IRQHandler
                0x0800165c                TIM8_BRK_TIM12_IRQHandler
                0x0800165c                TIM1_TRG_COM_IRQHandler
                0x0800165c                Default_Handler
                0x0800165c                ECC_IRQHandler
                0x0800165c                CEC_IRQHandler
                0x0800165c                EXTI15_10_IRQHandler
                0x0800165c                BDMA_Channel0_IRQHandler
                0x0800165c                ADC_IRQHandler
                0x0800165c                DMA1_Stream7_IRQHandler
                0x0800165c                HRTIM1_TIMA_IRQHandler
                0x0800165c                SPI5_IRQHandler
                0x0800165c                TIM7_IRQHandler
                0x0800165c                SDMMC1_IRQHandler
                0x0800165c                TIM5_IRQHandler
                0x0800165c                DMA2_Stream7_IRQHandler
                0x0800165c                TIM15_IRQHandler
                0x0800165c                PVD_AVD_IRQHandler
                0x0800165c                I2C3_EV_IRQHandler
                0x0800165c                EXTI9_5_IRQHandler
                0x0800165c                RTC_WKUP_IRQHandler
                0x0800165c                LTDC_IRQHandler
                0x0800165c                SAI3_IRQHandler
                0x0800165c                ETH_WKUP_IRQHandler
                0x0800165c                SPDIF_RX_IRQHandler
                0x0800165c                SPI2_IRQHandler
                0x0800165c                OTG_HS_EP1_IN_IRQHandler
                0x0800165c                DMA1_Stream0_IRQHandler
                0x0800165c                CRS_IRQHandler
                0x0800165c                CM7_SEV_IRQHandler
                0x0800165c                EXTI4_IRQHandler
                0x0800165c                CM4_SEV_IRQHandler
                0x0800165c                HRTIM1_TIMB_IRQHandler
                0x0800165c                FDCAN2_IT1_IRQHandler
                0x0800165c                DSI_IRQHandler
                0x0800165c                ETH_IRQHandler
                0x0800165c                TIM1_UP_IRQHandler
                0x0800165c                WWDG_RST_IRQHandler
                0x0800165c                BDMA_Channel4_IRQHandler
                0x0800165c                OTG_HS_EP1_OUT_IRQHandler
                0x0800165c                WWDG_IRQHandler
                0x0800165c                SPI6_IRQHandler
                0x0800165c                MDIOS_IRQHandler
                0x0800165c                I2C4_EV_IRQHandler
                0x0800165c                FDCAN2_IT0_IRQHandler
                0x0800165c                LPUART1_IRQHandler
                0x0800165c                FDCAN1_IT0_IRQHandler
                0x0800165c                TIM2_IRQHandler
                0x0800165c                OTG_FS_WKUP_IRQHandler
                0x0800165c                HSEM2_IRQHandler
                0x0800165c                DMA2D_IRQHandler
                0x0800165c                TIM1_BRK_IRQHandler
                0x0800165c                EXTI1_IRQHandler
                0x0800165c                SDMMC2_IRQHandler
                0x0800165c                OTG_FS_EP1_OUT_IRQHandler
                0x0800165c                BDMA_Channel3_IRQHandler
                0x0800165c                HOLD_CORE_IRQHandler
                0x0800165c                UART7_IRQHandler
                0x0800165c                MDIOS_WKUP_IRQHandler
                0x0800165c                USART2_IRQHandler
                0x0800165c                DFSDM1_FLT0_IRQHandler
                0x0800165c                SAI4_IRQHandler
                0x0800165c                I2C2_ER_IRQHandler
                0x0800165c                DMA2_Stream1_IRQHandler
                0x0800165c                FLASH_IRQHandler
                0x0800165c                DMA2_Stream4_IRQHandler
                0x0800165c                USART1_IRQHandler
                0x0800165c                OTG_FS_IRQHandler
                0x0800165c                SPI3_IRQHandler
                0x0800165c                WAKEUP_PIN_IRQHandler
                0x0800165c                DMA1_Stream4_IRQHandler
                0x0800165c                OTG_FS_EP1_IN_IRQHandler
                0x0800165c                I2C1_ER_IRQHandler
                0x0800165c                FMC_IRQHandler
                0x0800165c                FDCAN_CAL_IRQHandler
                0x0800165c                SWPMI1_IRQHandler
                0x0800165c                COMP1_IRQHandler
                0x0800165c                LPTIM1_IRQHandler
                0x0800165c                I2C4_ER_IRQHandler
                0x0800165c                DMA2_Stream6_IRQHandler
                0x0800165c                SAI1_IRQHandler
                0x0800165c                DMA1_Stream3_IRQHandler
 *fill*         0x0800165e        0x2 
 .text.HAL_Init
                0x08001660       0x78 ./Drivers/STM32H7xx_HAL_Driver/stm32h7xx_hal.o
                0x08001660                HAL_Init
 .text.HAL_InitTick
                0x080016d8       0x6c ./Drivers/STM32H7xx_HAL_Driver/stm32h7xx_hal.o
                0x080016d8                HAL_InitTick
 .text.HAL_IncTick
                0x08001744       0x28 ./Drivers/STM32H7xx_HAL_Driver/stm32h7xx_hal.o
                0x08001744                HAL_IncTick
 .text.HAL_GetTick
                0x0800176c       0x18 ./Drivers/STM32H7xx_HAL_Driver/stm32h7xx_hal.o
                0x0800176c                HAL_GetTick
 .text.HAL_Delay
                0x08001784       0x48 ./Drivers/STM32H7xx_HAL_Driver/stm32h7xx_hal.o
                0x08001784                HAL_Delay
 .text.HAL_GetREVID
                0x080017cc       0x18 ./Drivers/STM32H7xx_HAL_Driver/stm32h7xx_hal.o
                0x080017cc                HAL_GetREVID
 .text.__NVIC_SetPriorityGrouping
                0x080017e4       0x48 ./Drivers/STM32H7xx_HAL_Driver/stm32h7xx_hal_cortex.o
 .text.__NVIC_GetPriorityGrouping
                0x0800182c       0x1c ./Drivers/STM32H7xx_HAL_Driver/stm32h7xx_hal_cortex.o
 .text.__NVIC_EnableIRQ
                0x08001848       0x3c ./Drivers/STM32H7xx_HAL_Driver/stm32h7xx_hal_cortex.o
 .text.__NVIC_SetPriority
                0x08001884       0x54 ./Drivers/STM32H7xx_HAL_Driver/stm32h7xx_hal_cortex.o
 .text.NVIC_EncodePriority
                0x080018d8       0x66 ./Drivers/STM32H7xx_HAL_Driver/stm32h7xx_hal_cortex.o
 *fill*         0x0800193e        0x2 
 .text.SysTick_Config
                0x08001940       0x44 ./Drivers/STM32H7xx_HAL_Driver/stm32h7xx_hal_cortex.o
 .text.HAL_NVIC_SetPriorityGrouping
                0x08001984       0x16 ./Drivers/STM32H7xx_HAL_Driver/stm32h7xx_hal_cortex.o
                0x08001984                HAL_NVIC_SetPriorityGrouping
 .text.HAL_NVIC_SetPriority
                0x0800199a       0x34 ./Drivers/STM32H7xx_HAL_Driver/stm32h7xx_hal_cortex.o
                0x0800199a                HAL_NVIC_SetPriority
 .text.HAL_NVIC_EnableIRQ
                0x080019ce       0x1c ./Drivers/STM32H7xx_HAL_Driver/stm32h7xx_hal_cortex.o
                0x080019ce                HAL_NVIC_EnableIRQ
 .text.HAL_SYSTICK_Config
                0x080019ea       0x18 ./Drivers/STM32H7xx_HAL_Driver/stm32h7xx_hal_cortex.o
                0x080019ea                HAL_SYSTICK_Config
 *fill*         0x08001a02        0x2 
 .text.HAL_GPIO_Init
                0x08001a04      0x374 ./Drivers/STM32H7xx_HAL_Driver/stm32h7xx_hal_gpio.o
                0x08001a04                HAL_GPIO_Init
 .text.HAL_HSEM_FastTake
                0x08001d78       0x34 ./Drivers/STM32H7xx_HAL_Driver/stm32h7xx_hal_hsem.o
                0x08001d78                HAL_HSEM_FastTake
 .text.HAL_HSEM_Release
                0x08001dac       0x28 ./Drivers/STM32H7xx_HAL_Driver/stm32h7xx_hal_hsem.o
                0x08001dac                HAL_HSEM_Release
 .text.HAL_I2C_Init
                0x08001dd4      0x138 ./Drivers/STM32H7xx_HAL_Driver/stm32h7xx_hal_i2c.o
                0x08001dd4                HAL_I2C_Init
 .text.HAL_I2CEx_ConfigAnalogFilter
                0x08001f0c       0x96 ./Drivers/STM32H7xx_HAL_Driver/stm32h7xx_hal_i2c_ex.o
                0x08001f0c                HAL_I2CEx_ConfigAnalogFilter
 .text.HAL_I2CEx_ConfigDigitalFilter
                0x08001fa2       0x98 ./Drivers/STM32H7xx_HAL_Driver/stm32h7xx_hal_i2c_ex.o
                0x08001fa2                HAL_I2CEx_ConfigDigitalFilter
 .text.HAL_PCD_Init
                0x0800203a      0x218 ./Drivers/STM32H7xx_HAL_Driver/stm32h7xx_hal_pcd.o
                0x0800203a                HAL_PCD_Init
 .text.HAL_PCD_Start
                0x08002252       0x6a ./Drivers/STM32H7xx_HAL_Driver/stm32h7xx_hal_pcd.o
                0x08002252                HAL_PCD_Start
 .text.HAL_PCD_IRQHandler
                0x080022bc      0x9d0 ./Drivers/STM32H7xx_HAL_Driver/stm32h7xx_hal_pcd.o
                0x080022bc                HAL_PCD_IRQHandler
 .text.HAL_PCD_SetAddress
                0x08002c8c       0x48 ./Drivers/STM32H7xx_HAL_Driver/stm32h7xx_hal_pcd.o
                0x08002c8c                HAL_PCD_SetAddress
 .text.HAL_PCD_EP_Open
                0x08002cd4       0xd4 ./Drivers/STM32H7xx_HAL_Driver/stm32h7xx_hal_pcd.o
                0x08002cd4                HAL_PCD_EP_Open
 .text.HAL_PCD_EP_Close
                0x08002da8       0x94 ./Drivers/STM32H7xx_HAL_Driver/stm32h7xx_hal_pcd.o
                0x08002da8                HAL_PCD_EP_Close
 .text.HAL_PCD_EP_Receive
                0x08002e3c       0x76 ./Drivers/STM32H7xx_HAL_Driver/stm32h7xx_hal_pcd.o
                0x08002e3c                HAL_PCD_EP_Receive
 .text.HAL_PCD_EP_GetRxCount
                0x08002eb2       0x30 ./Drivers/STM32H7xx_HAL_Driver/stm32h7xx_hal_pcd.o
                0x08002eb2                HAL_PCD_EP_GetRxCount
 .text.HAL_PCD_EP_Transmit
                0x08002ee2       0x74 ./Drivers/STM32H7xx_HAL_Driver/stm32h7xx_hal_pcd.o
                0x08002ee2                HAL_PCD_EP_Transmit
 .text.HAL_PCD_EP_SetStall
                0x08002f56       0xc6 ./Drivers/STM32H7xx_HAL_Driver/stm32h7xx_hal_pcd.o
                0x08002f56                HAL_PCD_EP_SetStall
 .text.HAL_PCD_EP_ClrStall
                0x0800301c       0xac ./Drivers/STM32H7xx_HAL_Driver/stm32h7xx_hal_pcd.o
                0x0800301c                HAL_PCD_EP_ClrStall
 .text.HAL_PCD_EP_Abort
                0x080030c8       0x62 ./Drivers/STM32H7xx_HAL_Driver/stm32h7xx_hal_pcd.o
                0x080030c8                HAL_PCD_EP_Abort
 .text.PCD_WriteEmptyTxFifo
                0x0800312a      0x118 ./Drivers/STM32H7xx_HAL_Driver/stm32h7xx_hal_pcd.o
 *fill*         0x08003242        0x2 
 .text.PCD_EP_OutXfrComplete_int
                0x08003244      0x1d0 ./Drivers/STM32H7xx_HAL_Driver/stm32h7xx_hal_pcd.o
 .text.PCD_EP_OutSetupPacket_int
                0x08003414       0x8c ./Drivers/STM32H7xx_HAL_Driver/stm32h7xx_hal_pcd.o
 .text.HAL_PCDEx_SetTxFiFo
                0x080034a0       0x8e ./Drivers/STM32H7xx_HAL_Driver/stm32h7xx_hal_pcd_ex.o
                0x080034a0                HAL_PCDEx_SetTxFiFo
 .text.HAL_PCDEx_SetRxFiFo
                0x0800352e       0x22 ./Drivers/STM32H7xx_HAL_Driver/stm32h7xx_hal_pcd_ex.o
                0x0800352e                HAL_PCDEx_SetRxFiFo
 .text.HAL_PCDEx_ActivateLPM
                0x08003550       0x48 ./Drivers/STM32H7xx_HAL_Driver/stm32h7xx_hal_pcd_ex.o
                0x08003550                HAL_PCDEx_ActivateLPM
 .text.HAL_PCDEx_LPM_Callback
                0x08003598       0x18 ./Drivers/STM32H7xx_HAL_Driver/stm32h7xx_hal_pcd_ex.o
                0x08003598                HAL_PCDEx_LPM_Callback
 .text.HAL_PWREx_ConfigSupply
                0x080035b0       0xb4 ./Drivers/STM32H7xx_HAL_Driver/stm32h7xx_hal_pwr_ex.o
                0x080035b0                HAL_PWREx_ConfigSupply
 .text.HAL_PWREx_EnableUSBVoltageDetector
                0x08003664       0x20 ./Drivers/STM32H7xx_HAL_Driver/stm32h7xx_hal_pwr_ex.o
                0x08003664                HAL_PWREx_EnableUSBVoltageDetector
 .text.HAL_QSPI_Init
                0x08003684       0xe8 ./Drivers/STM32H7xx_HAL_Driver/stm32h7xx_hal_qspi.o
                0x08003684                HAL_QSPI_Init
 .text.HAL_QSPI_SetTimeout
                0x0800376c       0x1c ./Drivers/STM32H7xx_HAL_Driver/stm32h7xx_hal_qspi.o
                0x0800376c                HAL_QSPI_SetTimeout
 .text.QSPI_WaitFlagStateUntilTimeout
                0x08003788       0x6e ./Drivers/STM32H7xx_HAL_Driver/stm32h7xx_hal_qspi.o
 *fill*         0x080037f6        0x2 
 .text.HAL_RCC_OscConfig
                0x080037f8      0x8b4 ./Drivers/STM32H7xx_HAL_Driver/stm32h7xx_hal_rcc.o
                0x080037f8                HAL_RCC_OscConfig
 .text.HAL_RCC_ClockConfig
                0x080040ac      0x36c ./Drivers/STM32H7xx_HAL_Driver/stm32h7xx_hal_rcc.o
                0x080040ac                HAL_RCC_ClockConfig
 .text.HAL_RCC_GetSysClockFreq
                0x08004418      0x2f4 ./Drivers/STM32H7xx_HAL_Driver/stm32h7xx_hal_rcc.o
                0x08004418                HAL_RCC_GetSysClockFreq
 .text.HAL_RCC_GetHCLKFreq
                0x0800470c       0x60 ./Drivers/STM32H7xx_HAL_Driver/stm32h7xx_hal_rcc.o
                0x0800470c                HAL_RCC_GetHCLKFreq
 .text.HAL_RCC_GetPCLK1Freq
                0x0800476c       0x2c ./Drivers/STM32H7xx_HAL_Driver/stm32h7xx_hal_rcc.o
                0x0800476c                HAL_RCC_GetPCLK1Freq
 .text.HAL_RCCEx_PeriphCLKConfig
                0x08004798     0x1494 ./Drivers/STM32H7xx_HAL_Driver/stm32h7xx_hal_rcc_ex.o
                0x08004798                HAL_RCCEx_PeriphCLKConfig
 .text.HAL_RCCEx_GetPeriphCLKFreq
                0x08005c2c      0xb00 ./Drivers/STM32H7xx_HAL_Driver/stm32h7xx_hal_rcc_ex.o
                0x08005c2c                HAL_RCCEx_GetPeriphCLKFreq
 .text.HAL_RCCEx_GetD3PCLK1Freq
                0x0800672c       0x2c ./Drivers/STM32H7xx_HAL_Driver/stm32h7xx_hal_rcc_ex.o
                0x0800672c                HAL_RCCEx_GetD3PCLK1Freq
 .text.HAL_RCCEx_GetPLL2ClockFreq
                0x08006758      0x2a8 ./Drivers/STM32H7xx_HAL_Driver/stm32h7xx_hal_rcc_ex.o
                0x08006758                HAL_RCCEx_GetPLL2ClockFreq
 .text.HAL_RCCEx_GetPLL3ClockFreq
                0x08006a00      0x2a8 ./Drivers/STM32H7xx_HAL_Driver/stm32h7xx_hal_rcc_ex.o
                0x08006a00                HAL_RCCEx_GetPLL3ClockFreq
 .text.HAL_RCCEx_GetPLL1ClockFreq
                0x08006ca8      0x2a4 ./Drivers/STM32H7xx_HAL_Driver/stm32h7xx_hal_rcc_ex.o
                0x08006ca8                HAL_RCCEx_GetPLL1ClockFreq
 .text.RCCEx_PLL2_Config
                0x08006f4c      0x164 ./Drivers/STM32H7xx_HAL_Driver/stm32h7xx_hal_rcc_ex.o
 .text.RCCEx_PLL3_Config
                0x080070b0      0x164 ./Drivers/STM32H7xx_HAL_Driver/stm32h7xx_hal_rcc_ex.o
 .text.HAL_SAI_InitProtocol
                0x08007214       0x62 ./Drivers/STM32H7xx_HAL_Driver/stm32h7xx_hal_sai.o
                0x08007214                HAL_SAI_InitProtocol
 *fill*         0x08007276        0x2 
 .text.HAL_SAI_Init
                0x08007278      0x554 ./Drivers/STM32H7xx_HAL_Driver/stm32h7xx_hal_sai.o
                0x08007278                HAL_SAI_Init
 .text.SAI_InitI2S
                0x080077cc      0x164 ./Drivers/STM32H7xx_HAL_Driver/stm32h7xx_hal_sai.o
 .text.SAI_InitPCM
                0x08007930      0x104 ./Drivers/STM32H7xx_HAL_Driver/stm32h7xx_hal_sai.o
 .text.SAI_Disable
                0x08007a34       0x74 ./Drivers/STM32H7xx_HAL_Driver/stm32h7xx_hal_sai.o
 .text.HAL_SD_Init
                0x08007aa8      0x106 ./Drivers/STM32H7xx_HAL_Driver/stm32h7xx_hal_sd.o
                0x08007aa8                HAL_SD_Init
 *fill*         0x08007bae        0x2 
 .text.HAL_SD_InitCard
                0x08007bb0      0x15c ./Drivers/STM32H7xx_HAL_Driver/stm32h7xx_hal_sd.o
                0x08007bb0                HAL_SD_InitCard
 .text.HAL_SD_GetCardCSD
                0x08007d0c      0x348 ./Drivers/STM32H7xx_HAL_Driver/stm32h7xx_hal_sd.o
                0x08007d0c                HAL_SD_GetCardCSD
 .text.HAL_SD_GetCardStatus
                0x08008054      0x17c ./Drivers/STM32H7xx_HAL_Driver/stm32h7xx_hal_sd.o
                0x08008054                HAL_SD_GetCardStatus
 .text.HAL_SD_ConfigWideBusOperation
                0x080081d0      0x224 ./Drivers/STM32H7xx_HAL_Driver/stm32h7xx_hal_sd.o
                0x080081d0                HAL_SD_ConfigWideBusOperation
 .text.HAL_SD_GetCardState
                0x080083f4       0x40 ./Drivers/STM32H7xx_HAL_Driver/stm32h7xx_hal_sd.o
                0x080083f4                HAL_SD_GetCardState
 .text.SD_InitCard
                0x08008434      0x19c ./Drivers/STM32H7xx_HAL_Driver/stm32h7xx_hal_sd.o
 .text.SD_PowerON
                0x080085d0      0x11c ./Drivers/STM32H7xx_HAL_Driver/stm32h7xx_hal_sd.o
 .text.SD_SendSDStatus
                0x080086ec      0x1a0 ./Drivers/STM32H7xx_HAL_Driver/stm32h7xx_hal_sd.o
 .text.SD_SendStatus
                0x0800888c       0x50 ./Drivers/STM32H7xx_HAL_Driver/stm32h7xx_hal_sd.o
 .text.SD_WideBus_Enable
                0x080088dc       0x96 ./Drivers/STM32H7xx_HAL_Driver/stm32h7xx_hal_sd.o
 .text.SD_WideBus_Disable
                0x08008972       0x96 ./Drivers/STM32H7xx_HAL_Driver/stm32h7xx_hal_sd.o
 .text.SD_FindSCR
                0x08008a08      0x1a0 ./Drivers/STM32H7xx_HAL_Driver/stm32h7xx_hal_sd.o
 .text.HAL_SDRAM_Init
                0x08008ba8       0x78 ./Drivers/STM32H7xx_HAL_Driver/stm32h7xx_hal_sdram.o
                0x08008ba8                HAL_SDRAM_Init
 .text.HAL_SPI_Init
                0x08008c20      0x248 ./Drivers/STM32H7xx_HAL_Driver/stm32h7xx_hal_spi.o
                0x08008c20                HAL_SPI_Init
 .text.SPI_GetPacketSize
                0x08008e68       0x36 ./Drivers/STM32H7xx_HAL_Driver/stm32h7xx_hal_spi.o
 *fill*         0x08008e9e        0x2 
 .text.FMC_SDRAM_Init
                0x08008ea0       0xb8 ./Drivers/STM32H7xx_HAL_Driver/stm32h7xx_ll_fmc.o
                0x08008ea0                FMC_SDRAM_Init
 .text.FMC_SDRAM_Timing_Init
                0x08008f58       0xd4 ./Drivers/STM32H7xx_HAL_Driver/stm32h7xx_ll_fmc.o
                0x08008f58                FMC_SDRAM_Timing_Init
 .text.SDMMC_Init
                0x0800902c       0x54 ./Drivers/STM32H7xx_HAL_Driver/stm32h7xx_ll_sdmmc.o
                0x0800902c                SDMMC_Init
 .text.SDMMC_ReadFIFO
                0x08009080       0x1a ./Drivers/STM32H7xx_HAL_Driver/stm32h7xx_ll_sdmmc.o
                0x08009080                SDMMC_ReadFIFO
 .text.SDMMC_PowerState_ON
                0x0800909a       0x22 ./Drivers/STM32H7xx_HAL_Driver/stm32h7xx_ll_sdmmc.o
                0x0800909a                SDMMC_PowerState_ON
 .text.SDMMC_GetPowerState
                0x080090bc       0x1c ./Drivers/STM32H7xx_HAL_Driver/stm32h7xx_ll_sdmmc.o
                0x080090bc                SDMMC_GetPowerState
 .text.SDMMC_SendCommand
                0x080090d8       0x54 ./Drivers/STM32H7xx_HAL_Driver/stm32h7xx_ll_sdmmc.o
                0x080090d8                SDMMC_SendCommand
 .text.SDMMC_GetCommandResponse
                0x0800912c       0x1a ./Drivers/STM32H7xx_HAL_Driver/stm32h7xx_ll_sdmmc.o
                0x0800912c                SDMMC_GetCommandResponse
 .text.SDMMC_GetResponse
                0x08009146       0x26 ./Drivers/STM32H7xx_HAL_Driver/stm32h7xx_ll_sdmmc.o
                0x08009146                SDMMC_GetResponse
 .text.SDMMC_ConfigData
                0x0800916c       0x58 ./Drivers/STM32H7xx_HAL_Driver/stm32h7xx_ll_sdmmc.o
                0x0800916c                SDMMC_ConfigData
 .text.SDMMC_CmdBlockLength
                0x080091c4       0x46 ./Drivers/STM32H7xx_HAL_Driver/stm32h7xx_ll_sdmmc.o
                0x080091c4                SDMMC_CmdBlockLength
 .text.SDMMC_CmdSelDesel
                0x0800920a       0x46 ./Drivers/STM32H7xx_HAL_Driver/stm32h7xx_ll_sdmmc.o
                0x0800920a                SDMMC_CmdSelDesel
 .text.SDMMC_CmdGoIdleState
                0x08009250       0x3c ./Drivers/STM32H7xx_HAL_Driver/stm32h7xx_ll_sdmmc.o
                0x08009250                SDMMC_CmdGoIdleState
 .text.SDMMC_CmdOperCond
                0x0800928c       0x40 ./Drivers/STM32H7xx_HAL_Driver/stm32h7xx_ll_sdmmc.o
                0x0800928c                SDMMC_CmdOperCond
 .text.SDMMC_CmdAppCommand
                0x080092cc       0x46 ./Drivers/STM32H7xx_HAL_Driver/stm32h7xx_ll_sdmmc.o
                0x080092cc                SDMMC_CmdAppCommand
 .text.SDMMC_CmdAppOperCommand
                0x08009312       0x40 ./Drivers/STM32H7xx_HAL_Driver/stm32h7xx_ll_sdmmc.o
                0x08009312                SDMMC_CmdAppOperCommand
 .text.SDMMC_CmdBusWidth
                0x08009352       0x46 ./Drivers/STM32H7xx_HAL_Driver/stm32h7xx_ll_sdmmc.o
                0x08009352                SDMMC_CmdBusWidth
 .text.SDMMC_CmdSendSCR
                0x08009398       0x44 ./Drivers/STM32H7xx_HAL_Driver/stm32h7xx_ll_sdmmc.o
                0x08009398                SDMMC_CmdSendSCR
 .text.SDMMC_CmdSendCID
                0x080093dc       0x3e ./Drivers/STM32H7xx_HAL_Driver/stm32h7xx_ll_sdmmc.o
                0x080093dc                SDMMC_CmdSendCID
 .text.SDMMC_CmdSendCSD
                0x0800941a       0x40 ./Drivers/STM32H7xx_HAL_Driver/stm32h7xx_ll_sdmmc.o
                0x0800941a                SDMMC_CmdSendCSD
 .text.SDMMC_CmdSetRelAdd
                0x0800945a       0x44 ./Drivers/STM32H7xx_HAL_Driver/stm32h7xx_ll_sdmmc.o
                0x0800945a                SDMMC_CmdSetRelAdd
 .text.SDMMC_CmdSendStatus
                0x0800949e       0x46 ./Drivers/STM32H7xx_HAL_Driver/stm32h7xx_ll_sdmmc.o
                0x0800949e                SDMMC_CmdSendStatus
 .text.SDMMC_CmdStatusRegister
                0x080094e4       0x44 ./Drivers/STM32H7xx_HAL_Driver/stm32h7xx_ll_sdmmc.o
                0x080094e4                SDMMC_CmdStatusRegister
 .text.SDMMC_GetCmdResp1
                0x08009528      0x1e4 ./Drivers/STM32H7xx_HAL_Driver/stm32h7xx_ll_sdmmc.o
                0x08009528                SDMMC_GetCmdResp1
 .text.SDMMC_GetCmdResp2
                0x0800970c       0x94 ./Drivers/STM32H7xx_HAL_Driver/stm32h7xx_ll_sdmmc.o
                0x0800970c                SDMMC_GetCmdResp2
 .text.SDMMC_GetCmdResp3
                0x080097a0       0x80 ./Drivers/STM32H7xx_HAL_Driver/stm32h7xx_ll_sdmmc.o
                0x080097a0                SDMMC_GetCmdResp3
 .text.SDMMC_GetCmdResp6
                0x08009820       0xf0 ./Drivers/STM32H7xx_HAL_Driver/stm32h7xx_ll_sdmmc.o
                0x08009820                SDMMC_GetCmdResp6
 .text.SDMMC_GetCmdResp7
                0x08009910       0x9c ./Drivers/STM32H7xx_HAL_Driver/stm32h7xx_ll_sdmmc.o
                0x08009910                SDMMC_GetCmdResp7
 .text.SDMMC_GetCmdError
                0x080099ac       0x5c ./Drivers/STM32H7xx_HAL_Driver/stm32h7xx_ll_sdmmc.o
 .text.USB_CoreInit
                0x08009a08       0xf0 ./Drivers/STM32H7xx_HAL_Driver/stm32h7xx_ll_usb.o
                0x08009a08                USB_CoreInit
 .text.USB_SetTurnaroundTime
                0x08009af8      0x144 ./Drivers/STM32H7xx_HAL_Driver/stm32h7xx_ll_usb.o
                0x08009af8                USB_SetTurnaroundTime
 .text.USB_EnableGlobalInt
                0x08009c3c       0x22 ./Drivers/STM32H7xx_HAL_Driver/stm32h7xx_ll_usb.o
                0x08009c3c                USB_EnableGlobalInt
 .text.USB_DisableGlobalInt
                0x08009c5e       0x22 ./Drivers/STM32H7xx_HAL_Driver/stm32h7xx_ll_usb.o
                0x08009c5e                USB_DisableGlobalInt
 .text.USB_SetCurrentMode
                0x08009c80       0x98 ./Drivers/STM32H7xx_HAL_Driver/stm32h7xx_ll_usb.o
                0x08009c80                USB_SetCurrentMode
 .text.USB_DevInit
                0x08009d18      0x2bc ./Drivers/STM32H7xx_HAL_Driver/stm32h7xx_ll_usb.o
                0x08009d18                USB_DevInit
 .text.USB_FlushTxFifo
                0x08009fd4       0x64 ./Drivers/STM32H7xx_HAL_Driver/stm32h7xx_ll_usb.o
                0x08009fd4                USB_FlushTxFifo
 .text.USB_FlushRxFifo
                0x0800a038       0x5c ./Drivers/STM32H7xx_HAL_Driver/stm32h7xx_ll_usb.o
                0x0800a038                USB_FlushRxFifo
 .text.USB_SetDevSpeed
                0x0800a094       0x32 ./Drivers/STM32H7xx_HAL_Driver/stm32h7xx_ll_usb.o
                0x0800a094                USB_SetDevSpeed
 .text.USB_GetDevSpeed
                0x0800a0c6       0x4a ./Drivers/STM32H7xx_HAL_Driver/stm32h7xx_ll_usb.o
                0x0800a0c6                USB_GetDevSpeed
 .text.USB_ActivateEndpoint
                0x0800a110      0x110 ./Drivers/STM32H7xx_HAL_Driver/stm32h7xx_ll_usb.o
                0x0800a110                USB_ActivateEndpoint
 .text.USB_DeactivateEndpoint
                0x0800a220      0x1b8 ./Drivers/STM32H7xx_HAL_Driver/stm32h7xx_ll_usb.o
                0x0800a220                USB_DeactivateEndpoint
 .text.USB_EPStartXfer
                0x0800a3d8      0x548 ./Drivers/STM32H7xx_HAL_Driver/stm32h7xx_ll_usb.o
                0x0800a3d8                USB_EPStartXfer
 .text.USB_EPStopXfer
                0x0800a920      0x1fa ./Drivers/STM32H7xx_HAL_Driver/stm32h7xx_ll_usb.o
                0x0800a920                USB_EPStopXfer
 .text.USB_EPSetStall
                0x0800ab1a       0xdc ./Drivers/STM32H7xx_HAL_Driver/stm32h7xx_ll_usb.o
                0x0800ab1a                USB_EPSetStall
 .text.USB_EPClearStall
                0x0800abf6       0xcc ./Drivers/STM32H7xx_HAL_Driver/stm32h7xx_ll_usb.o
                0x0800abf6                USB_EPClearStall
 .text.USB_WritePacket
                0x0800acc2       0x7c ./Drivers/STM32H7xx_HAL_Driver/stm32h7xx_ll_usb.o
                0x0800acc2                USB_WritePacket
 .text.USB_ReadPacket
                0x0800ad3e       0xb0 ./Drivers/STM32H7xx_HAL_Driver/stm32h7xx_ll_usb.o
                0x0800ad3e                USB_ReadPacket
 .text.USB_SetDevAddress
                0x0800adee       0x4c ./Drivers/STM32H7xx_HAL_Driver/stm32h7xx_ll_usb.o
                0x0800adee                USB_SetDevAddress
 .text.USB_DevConnect
                0x0800ae3a       0x42 ./Drivers/STM32H7xx_HAL_Driver/stm32h7xx_ll_usb.o
                0x0800ae3a                USB_DevConnect
 .text.USB_DevDisconnect
                0x0800ae7c       0x42 ./Drivers/STM32H7xx_HAL_Driver/stm32h7xx_ll_usb.o
                0x0800ae7c                USB_DevDisconnect
 .text.USB_ReadInterrupts
                0x0800aebe       0x26 ./Drivers/STM32H7xx_HAL_Driver/stm32h7xx_ll_usb.o
                0x0800aebe                USB_ReadInterrupts
 .text.USB_ReadDevAllOutEpInterrupt
                0x0800aee4       0x34 ./Drivers/STM32H7xx_HAL_Driver/stm32h7xx_ll_usb.o
                0x0800aee4                USB_ReadDevAllOutEpInterrupt
 .text.USB_ReadDevAllInEpInterrupt
                0x0800af18       0x34 ./Drivers/STM32H7xx_HAL_Driver/stm32h7xx_ll_usb.o
                0x0800af18                USB_ReadDevAllInEpInterrupt
 .text.USB_ReadDevOutEPInterrupt
                0x0800af4c       0x3c ./Drivers/STM32H7xx_HAL_Driver/stm32h7xx_ll_usb.o
                0x0800af4c                USB_ReadDevOutEPInterrupt
 .text.USB_ReadDevInEPInterrupt
                0x0800af88       0x5c ./Drivers/STM32H7xx_HAL_Driver/stm32h7xx_ll_usb.o
                0x0800af88                USB_ReadDevInEPInterrupt
 .text.USB_GetMode
                0x0800afe4       0x1c ./Drivers/STM32H7xx_HAL_Driver/stm32h7xx_ll_usb.o
                0x0800afe4                USB_GetMode
 .text.USB_ActivateSetup
                0x0800b000       0x48 ./Drivers/STM32H7xx_HAL_Driver/stm32h7xx_ll_usb.o
                0x0800b000                USB_ActivateSetup
 .text.USB_EP0_OutStart
                0x0800b048       0xbc ./Drivers/STM32H7xx_HAL_Driver/stm32h7xx_ll_usb.o
                0x0800b048                USB_EP0_OutStart
 .text.USB_CoreReset
                0x0800b104       0x70 ./Drivers/STM32H7xx_HAL_Driver/stm32h7xx_ll_usb.o
 .text.USBD_CDC_Init
                0x0800b174      0x1f0 ./Middlewares/ST/STM32_USB_Device_Library/usbd_cdc.o
 .text.USBD_CDC_DeInit
                0x0800b364      0x104 ./Middlewares/ST/STM32_USB_Device_Library/usbd_cdc.o
 .text.USBD_CDC_Setup
                0x0800b468      0x1b8 ./Middlewares/ST/STM32_USB_Device_Library/usbd_cdc.o
 .text.USBD_CDC_DataIn
                0x0800b620       0xfe ./Middlewares/ST/STM32_USB_Device_Library/usbd_cdc.o
 .text.USBD_CDC_DataOut
                0x0800b71e       0x70 ./Middlewares/ST/STM32_USB_Device_Library/usbd_cdc.o
 .text.USBD_CDC_EP0_RxReady
                0x0800b78e       0x74 ./Middlewares/ST/STM32_USB_Device_Library/usbd_cdc.o
 *fill*         0x0800b802        0x2 
 .text.USBD_CDC_GetFSCfgDesc
                0x0800b804       0x70 ./Middlewares/ST/STM32_USB_Device_Library/usbd_cdc.o
 .text.USBD_CDC_GetHSCfgDesc
                0x0800b874       0x70 ./Middlewares/ST/STM32_USB_Device_Library/usbd_cdc.o
 .text.USBD_CDC_GetOtherSpeedCfgDesc
                0x0800b8e4       0x70 ./Middlewares/ST/STM32_USB_Device_Library/usbd_cdc.o
 .text.USBD_CDC_GetDeviceQualifierDescriptor
                0x0800b954       0x20 ./Middlewares/ST/STM32_USB_Device_Library/usbd_cdc.o
                0x0800b954                USBD_CDC_GetDeviceQualifierDescriptor
 .text.USBD_CDC_RegisterInterface
                0x0800b974       0x34 ./Middlewares/ST/STM32_USB_Device_Library/usbd_cdc.o
                0x0800b974                USBD_CDC_RegisterInterface
 .text.USBD_CDC_SetTxBuffer
                0x0800b9a8       0x44 ./Middlewares/ST/STM32_USB_Device_Library/usbd_cdc.o
                0x0800b9a8                USBD_CDC_SetTxBuffer
 .text.USBD_CDC_SetRxBuffer
                0x0800b9ec       0x3a ./Middlewares/ST/STM32_USB_Device_Library/usbd_cdc.o
                0x0800b9ec                USBD_CDC_SetRxBuffer
 *fill*         0x0800ba26        0x2 
 .text.USBD_CDC_ReceivePacket
                0x0800ba28       0x6c ./Middlewares/ST/STM32_USB_Device_Library/usbd_cdc.o
                0x0800ba28                USBD_CDC_ReceivePacket
 .text.USBD_Init
                0x0800ba94       0x60 ./Middlewares/ST/STM32_USB_Device_Library/usbd_core.o
                0x0800ba94                USBD_Init
 .text.USBD_RegisterClass
                0x0800baf4       0x6c ./Middlewares/ST/STM32_USB_Device_Library/usbd_core.o
                0x0800baf4                USBD_RegisterClass
 .text.USBD_Start
                0x0800bb60       0x18 ./Middlewares/ST/STM32_USB_Device_Library/usbd_core.o
                0x0800bb60                USBD_Start
 .text.USBD_RunTestMode
                0x0800bb78       0x16 ./Middlewares/ST/STM32_USB_Device_Library/usbd_core.o
                0x0800bb78                USBD_RunTestMode
 .text.USBD_SetClassConfig
                0x0800bb8e       0x38 ./Middlewares/ST/STM32_USB_Device_Library/usbd_core.o
                0x0800bb8e                USBD_SetClassConfig
 .text.USBD_ClrClassConfig
                0x0800bbc6       0x34 ./Middlewares/ST/STM32_USB_Device_Library/usbd_core.o
                0x0800bbc6                USBD_ClrClassConfig
 .text.USBD_LL_SetupStage
                0x0800bbfa       0xaa ./Middlewares/ST/STM32_USB_Device_Library/usbd_core.o
                0x0800bbfa                USBD_LL_SetupStage
 .text.USBD_LL_DataOutStage
                0x0800bca4      0x178 ./Middlewares/ST/STM32_USB_Device_Library/usbd_core.o
                0x0800bca4                USBD_LL_DataOutStage
 .text.USBD_LL_DataInStage
                0x0800be1c      0x176 ./Middlewares/ST/STM32_USB_Device_Library/usbd_core.o
                0x0800be1c                USBD_LL_DataInStage
 .text.USBD_LL_Reset
                0x0800bf92       0xa6 ./Middlewares/ST/STM32_USB_Device_Library/usbd_core.o
                0x0800bf92                USBD_LL_Reset
 .text.USBD_LL_SetSpeed
                0x0800c038       0x20 ./Middlewares/ST/STM32_USB_Device_Library/usbd_core.o
                0x0800c038                USBD_LL_SetSpeed
 .text.USBD_LL_Suspend
                0x0800c058       0x38 ./Middlewares/ST/STM32_USB_Device_Library/usbd_core.o
                0x0800c058                USBD_LL_Suspend
 .text.USBD_LL_Resume
                0x0800c090       0x30 ./Middlewares/ST/STM32_USB_Device_Library/usbd_core.o
                0x0800c090                USBD_LL_Resume
 .text.USBD_LL_SOF
                0x0800c0c0       0x40 ./Middlewares/ST/STM32_USB_Device_Library/usbd_core.o
                0x0800c0c0                USBD_LL_SOF
 .text.USBD_LL_IsoINIncomplete
                0x0800c100       0x64 ./Middlewares/ST/STM32_USB_Device_Library/usbd_core.o
                0x0800c100                USBD_LL_IsoINIncomplete
 .text.USBD_LL_IsoOUTIncomplete
                0x0800c164       0x64 ./Middlewares/ST/STM32_USB_Device_Library/usbd_core.o
                0x0800c164                USBD_LL_IsoOUTIncomplete
 .text.USBD_LL_DevConnected
                0x0800c1c8       0x16 ./Middlewares/ST/STM32_USB_Device_Library/usbd_core.o
                0x0800c1c8                USBD_LL_DevConnected
 .text.USBD_LL_DevDisconnected
                0x0800c1de       0x46 ./Middlewares/ST/STM32_USB_Device_Library/usbd_core.o
                0x0800c1de                USBD_LL_DevDisconnected
 .text.USBD_CoreFindIF
                0x0800c224       0x1a ./Middlewares/ST/STM32_USB_Device_Library/usbd_core.o
                0x0800c224                USBD_CoreFindIF
 .text.USBD_CoreFindEP
                0x0800c23e       0x1a ./Middlewares/ST/STM32_USB_Device_Library/usbd_core.o
                0x0800c23e                USBD_CoreFindEP
 .text.USBD_GetEpDesc
                0x0800c258       0x70 ./Middlewares/ST/STM32_USB_Device_Library/usbd_core.o
                0x0800c258                USBD_GetEpDesc
 .text.USBD_GetNextDesc
                0x0800c2c8       0x38 ./Middlewares/ST/STM32_USB_Device_Library/usbd_core.o
                0x0800c2c8                USBD_GetNextDesc
 .text.SWAPBYTE
                0x0800c300       0x3e ./Middlewares/ST/STM32_USB_Device_Library/usbd_ctlreq.o
 *fill*         0x0800c33e        0x2 
 .text.USBD_StdDevReq
                0x0800c340       0xe4 ./Middlewares/ST/STM32_USB_Device_Library/usbd_ctlreq.o
                0x0800c340                USBD_StdDevReq
 .text.USBD_StdItfReq
                0x0800c424       0xd8 ./Middlewares/ST/STM32_USB_Device_Library/usbd_ctlreq.o
                0x0800c424                USBD_StdItfReq
 .text.USBD_StdEPReq
                0x0800c4fc      0x33e ./Middlewares/ST/STM32_USB_Device_Library/usbd_ctlreq.o
                0x0800c4fc                USBD_StdEPReq
 *fill*         0x0800c83a        0x2 
 .text.USBD_GetDescriptor
                0x0800c83c      0x328 ./Middlewares/ST/STM32_USB_Device_Library/usbd_ctlreq.o
 .text.USBD_SetAddress
                0x0800cb64       0x88 ./Middlewares/ST/STM32_USB_Device_Library/usbd_ctlreq.o
 .text.USBD_SetConfig
                0x0800cbec      0x154 ./Middlewares/ST/STM32_USB_Device_Library/usbd_ctlreq.o
 .text.USBD_GetConfig
                0x0800cd40       0x6c ./Middlewares/ST/STM32_USB_Device_Library/usbd_ctlreq.o
 .text.USBD_GetStatus
                0x0800cdac       0x68 ./Middlewares/ST/STM32_USB_Device_Library/usbd_ctlreq.o
 .text.USBD_SetFeature
                0x0800ce14       0x52 ./Middlewares/ST/STM32_USB_Device_Library/usbd_ctlreq.o
 .text.USBD_ClrFeature
                0x0800ce66       0x44 ./Middlewares/ST/STM32_USB_Device_Library/usbd_ctlreq.o
 .text.USBD_ParseSetupRequest
                0x0800ceaa       0x74 ./Middlewares/ST/STM32_USB_Device_Library/usbd_ctlreq.o
                0x0800ceaa                USBD_ParseSetupRequest
 .text.USBD_CtlError
                0x0800cf1e       0x22 ./Middlewares/ST/STM32_USB_Device_Library/usbd_ctlreq.o
                0x0800cf1e                USBD_CtlError
 .text.USBD_GetString
                0x0800cf40       0xa4 ./Middlewares/ST/STM32_USB_Device_Library/usbd_ctlreq.o
                0x0800cf40                USBD_GetString
 .text.USBD_GetLen
                0x0800cfe4       0x34 ./Middlewares/ST/STM32_USB_Device_Library/usbd_ctlreq.o
 .text.USBD_CtlSendData
                0x0800d018       0x3c ./Middlewares/ST/STM32_USB_Device_Library/usbd_ioreq.o
                0x0800d018                USBD_CtlSendData
 .text.USBD_CtlContinueSendData
                0x0800d054       0x22 ./Middlewares/ST/STM32_USB_Device_Library/usbd_ioreq.o
                0x0800d054                USBD_CtlContinueSendData
 .text.USBD_CtlPrepareRx
                0x0800d076       0x42 ./Middlewares/ST/STM32_USB_Device_Library/usbd_ioreq.o
                0x0800d076                USBD_CtlPrepareRx
 .text.USBD_CtlContinueRx
                0x0800d0b8       0x22 ./Middlewares/ST/STM32_USB_Device_Library/usbd_ioreq.o
                0x0800d0b8                USBD_CtlContinueRx
 .text.USBD_CtlSendStatus
                0x0800d0da       0x26 ./Middlewares/ST/STM32_USB_Device_Library/usbd_ioreq.o
                0x0800d0da                USBD_CtlSendStatus
 .text.USBD_CtlReceiveStatus
                0x0800d100       0x26 ./Middlewares/ST/STM32_USB_Device_Library/usbd_ioreq.o
                0x0800d100                USBD_CtlReceiveStatus
 *fill*         0x0800d126        0x2 
 .text.MX_USB_DEVICE_Init
                0x0800d128       0x64 ./USB_DEVICE/App/usb_device.o
                0x0800d128                MX_USB_DEVICE_Init
 .text.CDC_Init_HS
                0x0800d18c       0x28 ./USB_DEVICE/App/usbd_cdc_if.o
 .text.CDC_DeInit_HS
                0x0800d1b4       0x10 ./USB_DEVICE/App/usbd_cdc_if.o
 .text.CDC_Control_HS
                0x0800d1c4       0xbc ./USB_DEVICE/App/usbd_cdc_if.o
 .text.CDC_Receive_HS
                0x0800d280       0x28 ./USB_DEVICE/App/usbd_cdc_if.o
 .text.CDC_TransmitCplt_HS
                0x0800d2a8       0x22 ./USB_DEVICE/App/usbd_cdc_if.o
 *fill*         0x0800d2ca        0x2 
 .text.USBD_HS_DeviceDescriptor
                0x0800d2cc       0x24 ./USB_DEVICE/App/usbd_desc.o
                0x0800d2cc                USBD_HS_DeviceDescriptor
 .text.USBD_HS_LangIDStrDescriptor
                0x0800d2f0       0x24 ./USB_DEVICE/App/usbd_desc.o
                0x0800d2f0                USBD_HS_LangIDStrDescriptor
 .text.USBD_HS_ProductStrDescriptor
                0x0800d314       0x3c ./USB_DEVICE/App/usbd_desc.o
                0x0800d314                USBD_HS_ProductStrDescriptor
 .text.USBD_HS_ManufacturerStrDescriptor
                0x0800d350       0x28 ./USB_DEVICE/App/usbd_desc.o
                0x0800d350                USBD_HS_ManufacturerStrDescriptor
 .text.USBD_HS_SerialStrDescriptor
                0x0800d378       0x24 ./USB_DEVICE/App/usbd_desc.o
                0x0800d378                USBD_HS_SerialStrDescriptor
 .text.USBD_HS_ConfigStrDescriptor
                0x0800d39c       0x3c ./USB_DEVICE/App/usbd_desc.o
                0x0800d39c                USBD_HS_ConfigStrDescriptor
 .text.USBD_HS_InterfaceStrDescriptor
                0x0800d3d8       0x3c ./USB_DEVICE/App/usbd_desc.o
                0x0800d3d8                USBD_HS_InterfaceStrDescriptor
 .text.Get_SerialNum
                0x0800d414       0x58 ./USB_DEVICE/App/usbd_desc.o
 .text.IntToUnicode
                0x0800d46c       0x7e ./USB_DEVICE/App/usbd_desc.o
 *fill*         0x0800d4ea        0x2 
 .text.HAL_PCD_MspInit
                0x0800d4ec      0x108 ./USB_DEVICE/Target/usbd_conf.o
                0x0800d4ec                HAL_PCD_MspInit
 .text.HAL_PCD_SetupStageCallback
                0x0800d5f4       0x24 ./USB_DEVICE/Target/usbd_conf.o
                0x0800d5f4                HAL_PCD_SetupStageCallback
 .text.HAL_PCD_DataOutStageCallback
                0x0800d618       0x36 ./USB_DEVICE/Target/usbd_conf.o
                0x0800d618                HAL_PCD_DataOutStageCallback
 .text.HAL_PCD_DataInStageCallback
                0x0800d64e       0x34 ./USB_DEVICE/Target/usbd_conf.o
                0x0800d64e                HAL_PCD_DataInStageCallback
 .text.HAL_PCD_SOFCallback
                0x0800d682       0x1c ./USB_DEVICE/Target/usbd_conf.o
                0x0800d682                HAL_PCD_SOFCallback
 .text.HAL_PCD_ResetCallback
                0x0800d69e       0x50 ./USB_DEVICE/Target/usbd_conf.o
                0x0800d69e                HAL_PCD_ResetCallback
 *fill*         0x0800d6ee        0x2 
 .text.HAL_PCD_SuspendCallback
                0x0800d6f0       0x4c ./USB_DEVICE/Target/usbd_conf.o
                0x0800d6f0                HAL_PCD_SuspendCallback
 .text.HAL_PCD_ResumeCallback
                0x0800d73c       0x1c ./USB_DEVICE/Target/usbd_conf.o
                0x0800d73c                HAL_PCD_ResumeCallback
 .text.HAL_PCD_ISOOUTIncompleteCallback
                0x0800d758       0x24 ./USB_DEVICE/Target/usbd_conf.o
                0x0800d758                HAL_PCD_ISOOUTIncompleteCallback
 .text.HAL_PCD_ISOINIncompleteCallback
                0x0800d77c       0x24 ./USB_DEVICE/Target/usbd_conf.o
                0x0800d77c                HAL_PCD_ISOINIncompleteCallback
 .text.HAL_PCD_ConnectCallback
                0x0800d7a0       0x1c ./USB_DEVICE/Target/usbd_conf.o
                0x0800d7a0                HAL_PCD_ConnectCallback
 .text.HAL_PCD_DisconnectCallback
                0x0800d7bc       0x1c ./USB_DEVICE/Target/usbd_conf.o
                0x0800d7bc                HAL_PCD_DisconnectCallback
 .text.USBD_LL_Init
                0x0800d7d8       0xa4 ./USB_DEVICE/Target/usbd_conf.o
                0x0800d7d8                USBD_LL_Init
 .text.USBD_LL_Start
                0x0800d87c       0x36 ./USB_DEVICE/Target/usbd_conf.o
                0x0800d87c                USBD_LL_Start
 .text.USBD_LL_OpenEP
                0x0800d8b2       0x4c ./USB_DEVICE/Target/usbd_conf.o
                0x0800d8b2                USBD_LL_OpenEP
 .text.USBD_LL_CloseEP
                0x0800d8fe       0x3e ./USB_DEVICE/Target/usbd_conf.o
                0x0800d8fe                USBD_LL_CloseEP
 .text.USBD_LL_StallEP
                0x0800d93c       0x3e ./USB_DEVICE/Target/usbd_conf.o
                0x0800d93c                USBD_LL_StallEP
 .text.USBD_LL_ClearStallEP
                0x0800d97a       0x3e ./USB_DEVICE/Target/usbd_conf.o
                0x0800d97a                USBD_LL_ClearStallEP
 .text.USBD_LL_IsStallEP
                0x0800d9b8       0x58 ./USB_DEVICE/Target/usbd_conf.o
                0x0800d9b8                USBD_LL_IsStallEP
 .text.USBD_LL_SetUSBAddress
                0x0800da10       0x3e ./USB_DEVICE/Target/usbd_conf.o
                0x0800da10                USBD_LL_SetUSBAddress
 .text.USBD_LL_Transmit
                0x0800da4e       0x42 ./USB_DEVICE/Target/usbd_conf.o
                0x0800da4e                USBD_LL_Transmit
 .text.USBD_LL_PrepareReceive
                0x0800da90       0x42 ./USB_DEVICE/Target/usbd_conf.o
                0x0800da90                USBD_LL_PrepareReceive
 .text.USBD_LL_GetRxDataSize
                0x0800dad2       0x26 ./USB_DEVICE/Target/usbd_conf.o
                0x0800dad2                USBD_LL_GetRxDataSize
 .text.USBD_static_malloc
                0x0800daf8       0x1c ./USB_DEVICE/Target/usbd_conf.o
                0x0800daf8                USBD_static_malloc
 .text.USBD_static_free
                0x0800db14       0x14 ./USB_DEVICE/Target/usbd_conf.o
                0x0800db14                USBD_static_free
 .text.USBD_Get_USB_Status
                0x0800db28       0x58 ./USB_DEVICE/Target/usbd_conf.o
                0x0800db28                USBD_Get_USB_Status
 .text.memset   0x0800db80       0x10 C:/ST/STM32CubeIDE_2.1.0/STM32CubeIDE/plugins/com.st.stm32cube.ide.mcu.externaltools.gnu-tools-for-stm32.14.3.rel1.win32_1.0.100.202602081740/tools/bin/../lib/gcc/arm-none-eabi/14.3.1/../../../../arm-none-eabi/lib/thumb/v7e-m+dp/hard\libc_nano.a(libc_a-memset.o)
                0x0800db80                memset
 .text.__libc_init_array
                0x0800db90       0x48 C:/ST/STM32CubeIDE_2.1.0/STM32CubeIDE/plugins/com.st.stm32cube.ide.mcu.externaltools.gnu-tools-for-stm32.14.3.rel1.win32_1.0.100.202602081740/tools/bin/../lib/gcc/arm-none-eabi/14.3.1/../../../../arm-none-eabi/lib/thumb/v7e-m+dp/hard\libc_nano.a(libc_a-init.o)
                0x0800db90                __libc_init_array
 *(.glue_7)
 .glue_7        0x0800dbd8        0x0 linker stubs
 *(.glue_7t)
 .glue_7t       0x0800dbd8        0x0 linker stubs
 *(.eh_frame)
 .eh_frame      0x0800dbd8        0x0 C:/ST/STM32CubeIDE_2.1.0/STM32CubeIDE/plugins/com.st.stm32cube.ide.mcu.externaltools.gnu-tools-for-stm32.14.3.rel1.win32_1.0.100.202602081740/tools/bin/../lib/gcc/arm-none-eabi/14.3.1/thumb/v7e-m+dp/hard/crtbegin.o
 *(.init)
 .init          0x0800dbd8        0x4 C:/ST/STM32CubeIDE_2.1.0/STM32CubeIDE/plugins/com.st.stm32cube.ide.mcu.externaltools.gnu-tools-for-stm32.14.3.rel1.win32_1.0.100.202602081740/tools/bin/../lib/gcc/arm-none-eabi/14.3.1/thumb/v7e-m+dp/hard/crti.o
                0x0800dbd8                _init
 .init          0x0800dbdc        0x8 C:/ST/STM32CubeIDE_2.1.0/STM32CubeIDE/plugins/com.st.stm32cube.ide.mcu.externaltools.gnu-tools-for-stm32.14.3.rel1.win32_1.0.100.202602081740/tools/bin/../lib/gcc/arm-none-eabi/14.3.1/thumb/v7e-m+dp/hard/crtn.o
 *(.fini)
 .fini          0x0800dbe4        0x4 C:/ST/STM32CubeIDE_2.1.0/STM32CubeIDE/plugins/com.st.stm32cube.ide.mcu.externaltools.gnu-tools-for-stm32.14.3.rel1.win32_1.0.100.202602081740/tools/bin/../lib/gcc/arm-none-eabi/14.3.1/thumb/v7e-m+dp/hard/crti.o
                0x0800dbe4                _fini
 .fini          0x0800dbe8        0x8 C:/ST/STM32CubeIDE_2.1.0/STM32CubeIDE/plugins/com.st.stm32cube.ide.mcu.externaltools.gnu-tools-for-stm32.14.3.rel1.win32_1.0.100.202602081740/tools/bin/../lib/gcc/arm-none-eabi/14.3.1/thumb/v7e-m+dp/hard/crtn.o
                0x0800dbf0                        . = ALIGN (0x4)
                0x0800dbf0                        _etext = .

.vfp11_veneer   0x0800dbf0        0x0
 .vfp11_veneer  0x0800dbf0        0x0 linker stubs

.v4_bx          0x0800dbf0        0x0
 .v4_bx         0x0800dbf0        0x0 linker stubs

.iplt           0x0800dbf0        0x0
 .iplt          0x0800dbf0        0x0 C:/ST/STM32CubeIDE_2.1.0/STM32CubeIDE/plugins/com.st.stm32cube.ide.mcu.externaltools.gnu-tools-for-stm32.14.3.rel1.win32_1.0.100.202602081740/tools/bin/../lib/gcc/arm-none-eabi/14.3.1/thumb/v7e-m+dp/hard/crtbegin.o

.rodata         0x0800dbf0       0x58
                0x0800dbf0                        . = ALIGN (0x4)
 *(.rodata)
 *(.rodata*)
 .rodata.D1CorePrescTable
                0x0800dbf0       0x10 ./Common/Src/system_stm32h7xx_dualcore_boot_cm4_cm7.o
                0x0800dbf0                D1CorePrescTable
 .rodata.USBD_HS_ProductStrDescriptor.str1.4
                0x0800dc00       0x46 ./USB_DEVICE/App/usbd_desc.o
                                 0x16 (size before relaxing)
 .rodata.USBD_HS_ManufacturerStrDescriptor.str1.4
                0x0800dc46       0x13 ./USB_DEVICE/App/usbd_desc.o
 .rodata.USBD_HS_ConfigStrDescriptor.str1.4
                0x0800dc46        0xb ./USB_DEVICE/App/usbd_desc.o
 .rodata.USBD_HS_InterfaceStrDescriptor.str1.4
                0x0800dc46        0xe ./USB_DEVICE/App/usbd_desc.o
                0x0800dc5c                        . = ALIGN (0x4)
 *fill*         0x0800dc46        0x2 

.ARM.extab      0x0800dc48        0x0
                0x0800dc48                        . = ALIGN (0x4)
 *(.ARM.extab* .gnu.linkonce.armextab.*)
                0x0800dc48                        . = ALIGN (0x4)

.ARM            0x0800dc48        0x0
                0x0800dc48                        . = ALIGN (0x4)
                0x0800dc48                        __exidx_start = .
 *(.ARM.exidx*)
                0x0800dc48                        __exidx_end = .
                0x0800dc48                        . = ALIGN (0x4)

.preinit_array  0x0800dc48        0x0
                0x0800dc48                        . = ALIGN (0x4)
                0x0800dc48                        PROVIDE (__preinit_array_start = .)
 *(.preinit_array*)
                0x0800dc48                        PROVIDE (__preinit_array_end = .)
                0x0800dc48                        . = ALIGN (0x4)

.init_array     0x0800dc48        0x4
                0x0800dc48                        . = ALIGN (0x4)
                0x0800dc48                        PROVIDE (__init_array_start = .)
 *(SORT_BY_NAME(.init_array.*))
 *(.init_array*)
 .init_array    0x0800dc48        0x4 C:/ST/STM32CubeIDE_2.1.0/STM32CubeIDE/plugins/com.st.stm32cube.ide.mcu.externaltools.gnu-tools-for-stm32.14.3.rel1.win32_1.0.100.202602081740/tools/bin/../lib/gcc/arm-none-eabi/14.3.1/thumb/v7e-m+dp/hard/crtbegin.o
                0x0800dc4c                        PROVIDE (__init_array_end = .)
                0x0800dc4c                        . = ALIGN (0x4)

.fini_array     0x0800dc4c        0x4
                0x0800dc4c                        . = ALIGN (0x4)
                [!provide]                        PROVIDE (__fini_array_start = .)
 *(SORT_BY_NAME(.fini_array.*))
 *(.fini_array*)
 .fini_array    0x0800dc4c        0x4 C:/ST/STM32CubeIDE_2.1.0/STM32CubeIDE/plugins/com.st.stm32cube.ide.mcu.externaltools.gnu-tools-for-stm32.14.3.rel1.win32_1.0.100.202602081740/tools/bin/../lib/gcc/arm-none-eabi/14.3.1/thumb/v7e-m+dp/hard/crtbegin.o
                [!provide]                        PROVIDE (__fini_array_end = .)
                0x0800dc50                        . = ALIGN (0x4)
                0x0800dc50                        _sidata = LOADADDR (.data)

.rel.dyn        0x0800dc50        0x0
 .rel.iplt      0x0800dc50        0x0 C:/ST/STM32CubeIDE_2.1.0/STM32CubeIDE/plugins/com.st.stm32cube.ide.mcu.externaltools.gnu-tools-for-stm32.14.3.rel1.win32_1.0.100.202602081740/tools/bin/../lib/gcc/arm-none-eabi/14.3.1/thumb/v7e-m+dp/hard/crtbegin.o

.data           0x24000000      0x104 load address 0x0800dc50
                0x24000000                        . = ALIGN (0x4)
                0x24000000                        _sdata = .
 *(.data)
 *(.data*)
 .data.SystemCoreClock
                0x24000000        0x4 ./Common/Src/system_stm32h7xx_dualcore_boot_cm4_cm7.o
                0x24000000                SystemCoreClock
 .data.SystemD2Clock
                0x24000004        0x4 ./Common/Src/system_stm32h7xx_dualcore_boot_cm4_cm7.o
                0x24000004                SystemD2Clock
 .data.uwTickPrio
                0x24000008        0x4 ./Drivers/STM32H7xx_HAL_Driver/stm32h7xx_hal.o
                0x24000008                uwTickPrio
 .data.uwTickFreq
                0x2400000c        0x1 ./Drivers/STM32H7xx_HAL_Driver/stm32h7xx_hal.o
                0x2400000c                uwTickFreq
 *fill*         0x2400000d        0x3 
 .data.USBD_CDC_DeviceQualifierDesc
                0x24000010        0xa ./Middlewares/ST/STM32_USB_Device_Library/usbd_cdc.o
 *fill*         0x2400001a        0x2 
 .data.USBD_CDC
                0x2400001c       0x38 ./Middlewares/ST/STM32_USB_Device_Library/usbd_cdc.o
                0x2400001c                USBD_CDC
 .data.USBD_CDC_CfgDesc
                0x24000054       0x43 ./Middlewares/ST/STM32_USB_Device_Library/usbd_cdc.o
 .data.CDCInEpAdd
                0x24000097        0x1 ./Middlewares/ST/STM32_USB_Device_Library/usbd_cdc.o
 .data.CDCOutEpAdd
                0x24000098        0x1 ./Middlewares/ST/STM32_USB_Device_Library/usbd_cdc.o
 .data.CDCCmdEpAdd
                0x24000099        0x1 ./Middlewares/ST/STM32_USB_Device_Library/usbd_cdc.o
 *fill*         0x2400009a        0x2 
 .data.USBD_Interface_fops_HS
                0x2400009c       0x14 ./USB_DEVICE/App/usbd_cdc_if.o
                0x2400009c                USBD_Interface_fops_HS
 .data.HS_Desc  0x240000b0       0x20 ./USB_DEVICE/App/usbd_desc.o
                0x240000b0                HS_Desc
 .data.USBD_HS_DeviceDesc
                0x240000d0       0x12 ./USB_DEVICE/App/usbd_desc.o
                0x240000d0                USBD_HS_DeviceDesc
 *fill*         0x240000e2        0x2 
 .data.USBD_LangIDDesc
                0x240000e4        0x4 ./USB_DEVICE/App/usbd_desc.o
                0x240000e4                USBD_LangIDDesc
 .data.USBD_StringSerial
                0x240000e8       0x1a ./USB_DEVICE/App/usbd_desc.o
                0x240000e8                USBD_StringSerial
 *(.RamFunc)
 *(.RamFunc*)
                0x24000104                        . = ALIGN (0x4)
 *fill*         0x24000102        0x2 
                0x24000104                        _edata = .

.igot.plt       0x24000104        0x0 load address 0x0800dd54
 .igot.plt      0x24000104        0x0 C:/ST/STM32CubeIDE_2.1.0/STM32CubeIDE/plugins/com.st.stm32cube.ide.mcu.externaltools.gnu-tools-for-stm32.14.3.rel1.win32_1.0.100.202602081740/tools/bin/../lib/gcc/arm-none-eabi/14.3.1/thumb/v7e-m+dp/hard/crtbegin.o
                0x24000104                        . = ALIGN (0x4)

.bss            0x24000104     0x1ff0 load address 0x0800dd54
                0x24000104                        _sbss = .
                0x24000104                        __bss_start__ = _sbss
 *(.bss)
 .bss           0x24000104       0x1c C:/ST/STM32CubeIDE_2.1.0/STM32CubeIDE/plugins/com.st.stm32cube.ide.mcu.externaltools.gnu-tools-for-stm32.14.3.rel1.win32_1.0.100.202602081740/tools/bin/../lib/gcc/arm-none-eabi/14.3.1/thumb/v7e-m+dp/hard/crtbegin.o
 *(.bss*)
 .bss.hsdram2   0x24000120       0x34 ./Core/Src/fmc.o
                0x24000120                hsdram2
 .bss.FMC_Initialized
                0x24000154        0x4 ./Core/Src/fmc.o
 .bss.hi2c1     0x24000158       0x54 ./Core/Src/i2c.o
                0x24000158                hi2c1
 .bss.hi2c2     0x240001ac       0x54 ./Core/Src/i2c.o
                0x240001ac                hi2c2
 .bss.hqspi     0x24000200       0x4c ./Core/Src/quadspi.o
                0x24000200                hqspi
 .bss.hsai_BlockA1
                0x2400024c       0x98 ./Core/Src/sai.o
                0x2400024c                hsai_BlockA1
 .bss.hsai_BlockB1
                0x240002e4       0x98 ./Core/Src/sai.o
                0x240002e4                hsai_BlockB1
 .bss.SAI1_client
                0x2400037c        0x4 ./Core/Src/sai.o
 .bss.hsd1      0x24000380       0x7c ./Core/Src/sdmmc.o
                0x24000380                hsd1
 .bss.hspi2     0x240003fc       0x88 ./Core/Src/spi.o
                0x240003fc                hspi2
 .bss.hspi3     0x24000484       0x88 ./Core/Src/spi.o
                0x24000484                hspi3
 .bss.uwTick    0x2400050c        0x4 ./Drivers/STM32H7xx_HAL_Driver/stm32h7xx_hal.o
                0x2400050c                uwTick
 .bss.cfgidx.0  0x24000510        0x1 ./Middlewares/ST/STM32_USB_Device_Library/usbd_ctlreq.o
 *fill*         0x24000511        0x3 
 .bss.hUsbDeviceHS
                0x24000514      0x2dc ./USB_DEVICE/App/usb_device.o
                0x24000514                hUsbDeviceHS
 .bss.UserRxBufferHS
                0x240007f0      0x800 ./USB_DEVICE/App/usbd_cdc_if.o
                0x240007f0                UserRxBufferHS
 .bss.UserTxBufferHS
                0x24000ff0      0x800 ./USB_DEVICE/App/usbd_cdc_if.o
                0x24000ff0                UserTxBufferHS
 .bss.USBD_StrDesc
                0x240017f0      0x200 ./USB_DEVICE/App/usbd_desc.o
                0x240017f0                USBD_StrDesc
 .bss.hpcd_USB_OTG_HS
                0x240019f0      0x4e4 ./USB_DEVICE/Target/usbd_conf.o
                0x240019f0                hpcd_USB_OTG_HS
 .bss.mem.0     0x24001ed4      0x220 ./USB_DEVICE/Target/usbd_conf.o
 *(COMMON)
                0x240020f4                        . = ALIGN (0x4)
                0x240020f4                        _ebss = .
                0x240020f4                        __bss_end__ = _ebss

._user_heap_stack
                0x240020f4      0x604 load address 0x0800dd54
                0x240020f8                        . = ALIGN (0x8)
 *fill*         0x240020f4        0x4 
                [!provide]                        PROVIDE (end = .)
                0x240020f8                        PROVIDE (_end = .)
                0x240022f8                        . = (. + _Min_Heap_Size)
 *fill*         0x240020f8      0x200 
                0x240026f8                        . = (. + _Min_Stack_Size)
 *fill*         0x240022f8      0x400 
                0x240026f8                        . = ALIGN (0x8)

/DISCARD/
 libc.a(*)
 libm.a(*)
 libgcc.a(*)

.ARM.attributes
                0x00000000       0x2e
 *(.ARM.attributes)
 .ARM.attributes
                0x00000000       0x20 C:/ST/STM32CubeIDE_2.1.0/STM32CubeIDE/plugins/com.st.stm32cube.ide.mcu.externaltools.gnu-tools-for-stm32.14.3.rel1.win32_1.0.100.202602081740/tools/bin/../lib/gcc/arm-none-eabi/14.3.1/thumb/v7e-m+dp/hard/crti.o
 .ARM.attributes
                0x00000020       0x32 C:/ST/STM32CubeIDE_2.1.0/STM32CubeIDE/plugins/com.st.stm32cube.ide.mcu.externaltools.gnu-tools-for-stm32.14.3.rel1.win32_1.0.100.202602081740/tools/bin/../lib/gcc/arm-none-eabi/14.3.1/thumb/v7e-m+dp/hard/crtbegin.o
 .ARM.attributes
                0x00000052       0x32 ./Common/Src/system_stm32h7xx_dualcore_boot_cm4_cm7.o
 .ARM.attributes
                0x00000084       0x32 ./Core/Src/fmc.o
 .ARM.attributes
                0x000000b6       0x32 ./Core/Src/gpio.o
 .ARM.attributes
                0x000000e8       0x32 ./Core/Src/i2c.o
 .ARM.attributes
                0x0000011a       0x32 ./Core/Src/main.o
 .ARM.attributes
                0x0000014c       0x32 ./Core/Src/quadspi.o
 .ARM.attributes
                0x0000017e       0x32 ./Core/Src/sai.o
 .ARM.attributes
                0x000001b0       0x32 ./Core/Src/sdmmc.o
 .ARM.attributes
                0x000001e2       0x32 ./Core/Src/spi.o
 .ARM.attributes
                0x00000214       0x32 ./Core/Src/stm32h7xx_hal_msp.o
 .ARM.attributes
                0x00000246       0x32 ./Core/Src/stm32h7xx_it.o
 .ARM.attributes
                0x00000278       0x21 ./Core/Startup/startup_stm32h757xihx.o
 .ARM.attributes
                0x00000299       0x32 ./Drivers/STM32H7xx_HAL_Driver/stm32h7xx_hal.o
 .ARM.attributes
                0x000002cb       0x32 ./Drivers/STM32H7xx_HAL_Driver/stm32h7xx_hal_cortex.o
 .ARM.attributes
                0x000002fd       0x32 ./Drivers/STM32H7xx_HAL_Driver/stm32h7xx_hal_gpio.o
 .ARM.attributes
                0x0000032f       0x32 ./Drivers/STM32H7xx_HAL_Driver/stm32h7xx_hal_hsem.o
 .ARM.attributes
                0x00000361       0x32 ./Drivers/STM32H7xx_HAL_Driver/stm32h7xx_hal_i2c.o
 .ARM.attributes
                0x00000393       0x32 ./Drivers/STM32H7xx_HAL_Driver/stm32h7xx_hal_i2c_ex.o
 .ARM.attributes
                0x000003c5       0x32 ./Drivers/STM32H7xx_HAL_Driver/stm32h7xx_hal_pcd.o
 .ARM.attributes
                0x000003f7       0x32 ./Drivers/STM32H7xx_HAL_Driver/stm32h7xx_hal_pcd_ex.o
 .ARM.attributes
                0x00000429       0x32 ./Drivers/STM32H7xx_HAL_Driver/stm32h7xx_hal_pwr_ex.o
 .ARM.attributes
                0x0000045b       0x32 ./Drivers/STM32H7xx_HAL_Driver/stm32h7xx_hal_qspi.o
 .ARM.attributes
                0x0000048d       0x32 ./Drivers/STM32H7xx_HAL_Driver/stm32h7xx_hal_rcc.o
 .ARM.attributes
                0x000004bf       0x32 ./Drivers/STM32H7xx_HAL_Driver/stm32h7xx_hal_rcc_ex.o
 .ARM.attributes
                0x000004f1       0x32 ./Drivers/STM32H7xx_HAL_Driver/stm32h7xx_hal_sai.o
 .ARM.attributes
                0x00000523       0x32 ./Drivers/STM32H7xx_HAL_Driver/stm32h7xx_hal_sd.o
 .ARM.attributes
                0x00000555       0x32 ./Drivers/STM32H7xx_HAL_Driver/stm32h7xx_hal_sdram.o
 .ARM.attributes
                0x00000587       0x32 ./Drivers/STM32H7xx_HAL_Driver/stm32h7xx_hal_spi.o
 .ARM.attributes
                0x000005b9       0x32 ./Drivers/STM32H7xx_HAL_Driver/stm32h7xx_ll_fmc.o
 .ARM.attributes
                0x000005eb       0x32 ./Drivers/STM32H7xx_HAL_Driver/stm32h7xx_ll_sdmmc.o
 .ARM.attributes
                0x0000061d       0x32 ./Drivers/STM32H7xx_HAL_Driver/stm32h7xx_ll_usb.o
 .ARM.attributes
                0x0000064f       0x32 ./Middlewares/ST/STM32_USB_Device_Library/usbd_cdc.o
 .ARM.attributes
                0x00000681       0x32 ./Middlewares/ST/STM32_USB_Device_Library/usbd_core.o
 .ARM.attributes
                0x000006b3       0x32 ./Middlewares/ST/STM32_USB_Device_Library/usbd_ctlreq.o
 .ARM.attributes
                0x000006e5       0x32 ./Middlewares/ST/STM32_USB_Device_Library/usbd_ioreq.o
 .ARM.attributes
                0x00000717       0x32 ./USB_DEVICE/App/usb_device.o
 .ARM.attributes
                0x00000749       0x32 ./USB_DEVICE/App/usbd_cdc_if.o
 .ARM.attributes
                0x0000077b       0x32 ./USB_DEVICE/App/usbd_desc.o
 .ARM.attributes
                0x000007ad       0x32 ./USB_DEVICE/Target/usbd_conf.o
 .ARM.attributes
                0x000007df       0x32 C:/ST/STM32CubeIDE_2.1.0/STM32CubeIDE/plugins/com.st.stm32cube.ide.mcu.externaltools.gnu-tools-for-stm32.14.3.rel1.win32_1.0.100.202602081740/tools/bin/../lib/gcc/arm-none-eabi/14.3.1/../../../../arm-none-eabi/lib/thumb/v7e-m+dp/hard\libc_nano.a(libc_a-memset.o)
 .ARM.attributes
                0x00000811       0x32 C:/ST/STM32CubeIDE_2.1.0/STM32CubeIDE/plugins/com.st.stm32cube.ide.mcu.externaltools.gnu-tools-for-stm32.14.3.rel1.win32_1.0.100.202602081740/tools/bin/../lib/gcc/arm-none-eabi/14.3.1/../../../../arm-none-eabi/lib/thumb/v7e-m+dp/hard\libc_nano.a(libc_a-init.o)
 .ARM.attributes
                0x00000843       0x20 C:/ST/STM32CubeIDE_2.1.0/STM32CubeIDE/plugins/com.st.stm32cube.ide.mcu.externaltools.gnu-tools-for-stm32.14.3.rel1.win32_1.0.100.202602081740/tools/bin/../lib/gcc/arm-none-eabi/14.3.1/thumb/v7e-m+dp/hard/crtn.o
OUTPUT(STM32H757XIH6_CM7.elf elf32-littlearm)
LOAD linker stubs
LOAD C:/ST/STM32CubeIDE_2.1.0/STM32CubeIDE/plugins/com.st.stm32cube.ide.mcu.externaltools.gnu-tools-for-stm32.14.3.rel1.win32_1.0.100.202602081740/tools/bin/../lib/gcc/arm-none-eabi/14.3.1/../../../../arm-none-eabi/lib/thumb/v7e-m+dp/hard\libc.a
LOAD C:/ST/STM32CubeIDE_2.1.0/STM32CubeIDE/plugins/com.st.stm32cube.ide.mcu.externaltools.gnu-tools-for-stm32.14.3.rel1.win32_1.0.100.202602081740/tools/bin/../lib/gcc/arm-none-eabi/14.3.1/../../../../arm-none-eabi/lib/thumb/v7e-m+dp/hard\libm.a
LOAD C:/ST/STM32CubeIDE_2.1.0/STM32CubeIDE/plugins/com.st.stm32cube.ide.mcu.externaltools.gnu-tools-for-stm32.14.3.rel1.win32_1.0.100.202602081740/tools/bin/../lib/gcc/arm-none-eabi/14.3.1/thumb/v7e-m+dp/hard\libgcc.a

.debug_info     0x00000000    0x250b9
 .debug_info    0x00000000      0xe82 ./Common/Src/system_stm32h7xx_dualcore_boot_cm4_cm7.o
 .debug_info    0x00000e82     0x100e ./Core/Src/fmc.o
 .debug_info    0x00001e90      0x53a ./Core/Src/gpio.o
 .debug_info    0x000023ca     0x105e ./Core/Src/i2c.o
 .debug_info    0x00003428      0xa38 ./Core/Src/main.o
 .debug_info    0x00003e60     0x105c ./Core/Src/quadspi.o
 .debug_info    0x00004ebc     0x10e3 ./Core/Src/sai.o
 .debug_info    0x00005f9f      0xde3 ./Core/Src/sdmmc.o
 .debug_info    0x00006d82     0x1131 ./Core/Src/spi.o
 .debug_info    0x00007eb3      0x464 ./Core/Src/stm32h7xx_hal_msp.o
 .debug_info    0x00008317      0x6b2 ./Core/Src/stm32h7xx_it.o
 .debug_info    0x000089c9       0x30 ./Core/Startup/startup_stm32h757xihx.o
 .debug_info    0x000089f9     0x1780 ./Drivers/STM32H7xx_HAL_Driver/stm32h7xx_hal.o
 .debug_info    0x0000a179     0x10e8 ./Drivers/STM32H7xx_HAL_Driver/stm32h7xx_hal_cortex.o
 .debug_info    0x0000b261      0xd06 ./Drivers/STM32H7xx_HAL_Driver/stm32h7xx_hal_gpio.o
 .debug_info    0x0000bf67      0x3d3 ./Drivers/STM32H7xx_HAL_Driver/stm32h7xx_hal_hsem.o
 .debug_info    0x0000c33a     0x22ba ./Drivers/STM32H7xx_HAL_Driver/stm32h7xx_hal_i2c.o
 .debug_info    0x0000e5f4      0xd84 ./Drivers/STM32H7xx_HAL_Driver/stm32h7xx_hal_i2c_ex.o
 .debug_info    0x0000f378     0x1561 ./Drivers/STM32H7xx_HAL_Driver/stm32h7xx_hal_pcd.o
 .debug_info    0x000108d9      0x8b3 ./Drivers/STM32H7xx_HAL_Driver/stm32h7xx_hal_pcd_ex.o
 .debug_info    0x0001118c     0x1224 ./Drivers/STM32H7xx_HAL_Driver/stm32h7xx_hal_pwr_ex.o
 .debug_info    0x000123b0     0x1354 ./Drivers/STM32H7xx_HAL_Driver/stm32h7xx_hal_qspi.o
 .debug_info    0x00013704      0xe71 ./Drivers/STM32H7xx_HAL_Driver/stm32h7xx_hal_rcc.o
 .debug_info    0x00014575     0x130f ./Drivers/STM32H7xx_HAL_Driver/stm32h7xx_hal_rcc_ex.o
 .debug_info    0x00015884     0x13d7 ./Drivers/STM32H7xx_HAL_Driver/stm32h7xx_hal_sai.o
 .debug_info    0x00016c5b     0x1a93 ./Drivers/STM32H7xx_HAL_Driver/stm32h7xx_hal_sd.o
 .debug_info    0x000186ee     0x107c ./Drivers/STM32H7xx_HAL_Driver/stm32h7xx_hal_sdram.o
 .debug_info    0x0001976a     0x1454 ./Drivers/STM32H7xx_HAL_Driver/stm32h7xx_hal_spi.o
 .debug_info    0x0001abbe      0xbe3 ./Drivers/STM32H7xx_HAL_Driver/stm32h7xx_ll_fmc.o
 .debug_info    0x0001b7a1     0x142c ./Drivers/STM32H7xx_HAL_Driver/stm32h7xx_ll_sdmmc.o
 .debug_info    0x0001cbcd     0x1608 ./Drivers/STM32H7xx_HAL_Driver/stm32h7xx_ll_usb.o
 .debug_info    0x0001e1d5     0x133f ./Middlewares/ST/STM32_USB_Device_Library/usbd_cdc.o
 .debug_info    0x0001f514      0xe2d ./Middlewares/ST/STM32_USB_Device_Library/usbd_core.o
 .debug_info    0x00020341      0xb06 ./Middlewares/ST/STM32_USB_Device_Library/usbd_ctlreq.o
 .debug_info    0x00020e47      0x77d ./Middlewares/ST/STM32_USB_Device_Library/usbd_ioreq.o
 .debug_info    0x000215c4      0x732 ./USB_DEVICE/App/usb_device.o
 .debug_info    0x00021cf6      0x922 ./USB_DEVICE/App/usbd_cdc_if.o
 .debug_info    0x00022618      0x4c5 ./USB_DEVICE/App/usbd_desc.o
 .debug_info    0x00022add     0x25dc ./USB_DEVICE/Target/usbd_conf.o

.debug_abbrev   0x00000000     0x5517
 .debug_abbrev  0x00000000      0x165 ./Common/Src/system_stm32h7xx_dualcore_boot_cm4_cm7.o
 .debug_abbrev  0x00000165      0x28a ./Core/Src/fmc.o
 .debug_abbrev  0x000003ef       0xe8 ./Core/Src/gpio.o
 .debug_abbrev  0x000004d7      0x252 ./Core/Src/i2c.o
 .debug_abbrev  0x00000729      0x240 ./Core/Src/main.o
 .debug_abbrev  0x00000969      0x226 ./Core/Src/quadspi.o
 .debug_abbrev  0x00000b8f      0x233 ./Core/Src/sai.o
 .debug_abbrev  0x00000dc2      0x207 ./Core/Src/sdmmc.o
 .debug_abbrev  0x00000fc9      0x22f ./Core/Src/spi.o
 .debug_abbrev  0x000011f8       0xdb ./Core/Src/stm32h7xx_hal_msp.o
 .debug_abbrev  0x000012d3      0x1a4 ./Core/Src/stm32h7xx_it.o
 .debug_abbrev  0x00001477       0x24 ./Core/Startup/startup_stm32h757xihx.o
 .debug_abbrev  0x0000149b      0x295 ./Drivers/STM32H7xx_HAL_Driver/stm32h7xx_hal.o
 .debug_abbrev  0x00001730      0x339 ./Drivers/STM32H7xx_HAL_Driver/stm32h7xx_hal_cortex.o
 .debug_abbrev  0x00001a69      0x205 ./Drivers/STM32H7xx_HAL_Driver/stm32h7xx_hal_gpio.o
 .debug_abbrev  0x00001c6e      0x1d3 ./Drivers/STM32H7xx_HAL_Driver/stm32h7xx_hal_hsem.o
 .debug_abbrev  0x00001e41      0x25d ./Drivers/STM32H7xx_HAL_Driver/stm32h7xx_hal_i2c.o
 .debug_abbrev  0x0000209e      0x1f5 ./Drivers/STM32H7xx_HAL_Driver/stm32h7xx_hal_i2c_ex.o
 .debug_abbrev  0x00002293      0x2dc ./Drivers/STM32H7xx_HAL_Driver/stm32h7xx_hal_pcd.o
 .debug_abbrev  0x0000256f      0x256 ./Drivers/STM32H7xx_HAL_Driver/stm32h7xx_hal_pcd_ex.o
 .debug_abbrev  0x000027c5      0x2d7 ./Drivers/STM32H7xx_HAL_Driver/stm32h7xx_hal_pwr_ex.o
 .debug_abbrev  0x00002a9c      0x24d ./Drivers/STM32H7xx_HAL_Driver/stm32h7xx_hal_qspi.o
 .debug_abbrev  0x00002ce9      0x2c8 ./Drivers/STM32H7xx_HAL_Driver/stm32h7xx_hal_rcc.o
 .debug_abbrev  0x00002fb1      0x269 ./Drivers/STM32H7xx_HAL_Driver/stm32h7xx_hal_rcc_ex.o
 .debug_abbrev  0x0000321a      0x28b ./Drivers/STM32H7xx_HAL_Driver/stm32h7xx_hal_sai.o
 .debug_abbrev  0x000034a5      0x26b ./Drivers/STM32H7xx_HAL_Driver/stm32h7xx_hal_sd.o
 .debug_abbrev  0x00003710      0x209 ./Drivers/STM32H7xx_HAL_Driver/stm32h7xx_hal_sdram.o
 .debug_abbrev  0x00003919      0x2ba ./Drivers/STM32H7xx_HAL_Driver/stm32h7xx_hal_spi.o
 .debug_abbrev  0x00003bd3      0x1ac ./Drivers/STM32H7xx_HAL_Driver/stm32h7xx_ll_fmc.o
 .debug_abbrev  0x00003d7f      0x206 ./Drivers/STM32H7xx_HAL_Driver/stm32h7xx_ll_sdmmc.o
 .debug_abbrev  0x00003f85      0x2b2 ./Drivers/STM32H7xx_HAL_Driver/stm32h7xx_ll_usb.o
 .debug_abbrev  0x00004237      0x2d2 ./Middlewares/ST/STM32_USB_Device_Library/usbd_cdc.o
 .debug_abbrev  0x00004509      0x27c ./Middlewares/ST/STM32_USB_Device_Library/usbd_core.o
 .debug_abbrev  0x00004785      0x26f ./Middlewares/ST/STM32_USB_Device_Library/usbd_ctlreq.o
 .debug_abbrev  0x000049f4      0x19a ./Middlewares/ST/STM32_USB_Device_Library/usbd_ioreq.o
 .debug_abbrev  0x00004b8e      0x1a8 ./USB_DEVICE/App/usb_device.o
 .debug_abbrev  0x00004d36      0x29d ./USB_DEVICE/App/usbd_cdc_if.o
 .debug_abbrev  0x00004fd3      0x1f5 ./USB_DEVICE/App/usbd_desc.o
 .debug_abbrev  0x000051c8      0x34f ./USB_DEVICE/Target/usbd_conf.o

.debug_aranges  0x00000000     0x1d00
 .debug_aranges
                0x00000000       0x30 ./Common/Src/system_stm32h7xx_dualcore_boot_cm4_cm7.o
 .debug_aranges
                0x00000030       0x40 ./Core/Src/fmc.o
 .debug_aranges
                0x00000070       0x20 ./Core/Src/gpio.o
 .debug_aranges
                0x00000090       0x38 ./Core/Src/i2c.o
 .debug_aranges
                0x000000c8       0x30 ./Core/Src/main.o
 .debug_aranges
                0x000000f8       0x30 ./Core/Src/quadspi.o
 .debug_aranges
                0x00000128       0x30 ./Core/Src/sai.o
 .debug_aranges
                0x00000158       0x30 ./Core/Src/sdmmc.o
 .debug_aranges
                0x00000188       0x38 ./Core/Src/spi.o
 .debug_aranges
                0x000001c0       0x20 ./Core/Src/stm32h7xx_hal_msp.o
 .debug_aranges
                0x000001e0       0x68 ./Core/Src/stm32h7xx_it.o
 .debug_aranges
                0x00000248       0x28 ./Core/Startup/startup_stm32h757xihx.o
 .debug_aranges
                0x00000270      0x200 ./Drivers/STM32H7xx_HAL_Driver/stm32h7xx_hal.o
 .debug_aranges
                0x00000470      0x130 ./Drivers/STM32H7xx_HAL_Driver/stm32h7xx_hal_cortex.o
 .debug_aranges
                0x000005a0       0x58 ./Drivers/STM32H7xx_HAL_Driver/stm32h7xx_hal_gpio.o
 .debug_aranges
                0x000005f8       0x70 ./Drivers/STM32H7xx_HAL_Driver/stm32h7xx_hal_hsem.o
 .debug_aranges
                0x00000668      0x2a0 ./Drivers/STM32H7xx_HAL_Driver/stm32h7xx_hal_i2c.o
 .debug_aranges
                0x00000908       0x48 ./Drivers/STM32H7xx_HAL_Driver/stm32h7xx_hal_i2c_ex.o
 .debug_aranges
                0x00000950      0x140 ./Drivers/STM32H7xx_HAL_Driver/stm32h7xx_hal_pcd.o
 .debug_aranges
                0x00000a90       0x60 ./Drivers/STM32H7xx_HAL_Driver/stm32h7xx_hal_pcd_ex.o
 .debug_aranges
                0x00000af0      0x170 ./Drivers/STM32H7xx_HAL_Driver/stm32h7xx_hal_pwr_ex.o
 .debug_aranges
                0x00000c60      0x160 ./Drivers/STM32H7xx_HAL_Driver/stm32h7xx_hal_qspi.o
 .debug_aranges
                0x00000dc0       0x88 ./Drivers/STM32H7xx_HAL_Driver/stm32h7xx_hal_rcc.o
 .debug_aranges
                0x00000e48      0x100 ./Drivers/STM32H7xx_HAL_Driver/stm32h7xx_hal_rcc_ex.o
 .debug_aranges
                0x00000f48      0x178 ./Drivers/STM32H7xx_HAL_Driver/stm32h7xx_hal_sai.o
 .debug_aranges
                0x000010c0      0x170 ./Drivers/STM32H7xx_HAL_Driver/stm32h7xx_hal_sd.o
 .debug_aranges
                0x00001230       0xe8 ./Drivers/STM32H7xx_HAL_Driver/stm32h7xx_hal_sdram.o
 .debug_aranges
                0x00001318      0x1a8 ./Drivers/STM32H7xx_HAL_Driver/stm32h7xx_hal_spi.o
 .debug_aranges
                0x000014c0       0xc8 ./Drivers/STM32H7xx_HAL_Driver/stm32h7xx_ll_fmc.o
 .debug_aranges
                0x00001588      0x1d0 ./Drivers/STM32H7xx_HAL_Driver/stm32h7xx_ll_sdmmc.o
 .debug_aranges
                0x00001758      0x180 ./Drivers/STM32H7xx_HAL_Driver/stm32h7xx_ll_usb.o
 .debug_aranges
                0x000018d8       0x90 ./Middlewares/ST/STM32_USB_Device_Library/usbd_cdc.o
 .debug_aranges
                0x00001968       0xd8 ./Middlewares/ST/STM32_USB_Device_Library/usbd_core.o
 .debug_aranges
                0x00001a40       0x90 ./Middlewares/ST/STM32_USB_Device_Library/usbd_ctlreq.o
 .debug_aranges
                0x00001ad0       0x50 ./Middlewares/ST/STM32_USB_Device_Library/usbd_ioreq.o
 .debug_aranges
                0x00001b20       0x20 ./USB_DEVICE/App/usb_device.o
 .debug_aranges
                0x00001b40       0x48 ./USB_DEVICE/App/usbd_cdc_if.o
 .debug_aranges
                0x00001b88       0x68 ./USB_DEVICE/App/usbd_desc.o
 .debug_aranges
                0x00001bf0      0x110 ./USB_DEVICE/Target/usbd_conf.o

.debug_rnglists
                0x00000000     0x1609
 .debug_rnglists
                0x00000000       0x21 ./Common/Src/system_stm32h7xx_dualcore_boot_cm4_cm7.o
 .debug_rnglists
                0x00000021       0x2e ./Core/Src/fmc.o
 .debug_rnglists
                0x0000004f       0x14 ./Core/Src/gpio.o
 .debug_rnglists
                0x00000063       0x28 ./Core/Src/i2c.o
 .debug_rnglists
                0x0000008b       0x21 ./Core/Src/main.o
 .debug_rnglists
                0x000000ac       0x20 ./Core/Src/quadspi.o
 .debug_rnglists
                0x000000cc       0x22 ./Core/Src/sai.o
 .debug_rnglists
                0x000000ee       0x20 ./Core/Src/sdmmc.o
 .debug_rnglists
                0x0000010e       0x29 ./Core/Src/spi.o
 .debug_rnglists
                0x00000137       0x13 ./Core/Src/stm32h7xx_hal_msp.o
 .debug_rnglists
                0x0000014a       0x49 ./Core/Src/stm32h7xx_it.o
 .debug_rnglists
                0x00000193       0x19 ./Core/Startup/startup_stm32h757xihx.o
 .debug_rnglists
                0x000001ac      0x180 ./Drivers/STM32H7xx_HAL_Driver/stm32h7xx_hal.o
 .debug_rnglists
                0x0000032c       0xe0 ./Drivers/STM32H7xx_HAL_Driver/stm32h7xx_hal_cortex.o
 .debug_rnglists
                0x0000040c       0x3f ./Drivers/STM32H7xx_HAL_Driver/stm32h7xx_hal_gpio.o
 .debug_rnglists
                0x0000044b       0x4f ./Drivers/STM32H7xx_HAL_Driver/stm32h7xx_hal_hsem.o
 .debug_rnglists
                0x0000049a      0x22a ./Drivers/STM32H7xx_HAL_Driver/stm32h7xx_hal_i2c.o
 .debug_rnglists
                0x000006c4       0x35 ./Drivers/STM32H7xx_HAL_Driver/stm32h7xx_hal_i2c_ex.o
 .debug_rnglists
                0x000006f9       0xf4 ./Drivers/STM32H7xx_HAL_Driver/stm32h7xx_hal_pcd.o
 .debug_rnglists
                0x000007ed       0x45 ./Drivers/STM32H7xx_HAL_Driver/stm32h7xx_hal_pcd_ex.o
 .debug_rnglists
                0x00000832      0x117 ./Drivers/STM32H7xx_HAL_Driver/stm32h7xx_hal_pwr_ex.o
 .debug_rnglists
                0x00000949      0x113 ./Drivers/STM32H7xx_HAL_Driver/stm32h7xx_hal_qspi.o
 .debug_rnglists
                0x00000a5c       0x68 ./Drivers/STM32H7xx_HAL_Driver/stm32h7xx_hal_rcc.o
 .debug_rnglists
                0x00000ac4       0xc6 ./Drivers/STM32H7xx_HAL_Driver/stm32h7xx_hal_rcc_ex.o
 .debug_rnglists
                0x00000b8a      0x136 ./Drivers/STM32H7xx_HAL_Driver/stm32h7xx_hal_sai.o
 .debug_rnglists
                0x00000cc0      0x128 ./Drivers/STM32H7xx_HAL_Driver/stm32h7xx_hal_sd.o
 .debug_rnglists
                0x00000de8       0xb1 ./Drivers/STM32H7xx_HAL_Driver/stm32h7xx_hal_sdram.o
 .debug_rnglists
                0x00000e99      0x148 ./Drivers/STM32H7xx_HAL_Driver/stm32h7xx_hal_spi.o
 .debug_rnglists
                0x00000fe1       0x95 ./Drivers/STM32H7xx_HAL_Driver/stm32h7xx_ll_fmc.o
 .debug_rnglists
                0x00001076      0x15e ./Drivers/STM32H7xx_HAL_Driver/stm32h7xx_ll_sdmmc.o
 .debug_rnglists
                0x000011d4      0x12c ./Drivers/STM32H7xx_HAL_Driver/stm32h7xx_ll_usb.o
 .debug_rnglists
                0x00001300       0x6c ./Middlewares/ST/STM32_USB_Device_Library/usbd_cdc.o
 .debug_rnglists
                0x0000136c       0xa1 ./Middlewares/ST/STM32_USB_Device_Library/usbd_core.o
 .debug_rnglists
                0x0000140d       0x6e ./Middlewares/ST/STM32_USB_Device_Library/usbd_ctlreq.o
 .debug_rnglists
                0x0000147b       0x37 ./Middlewares/ST/STM32_USB_Device_Library/usbd_ioreq.o
 .debug_rnglists
                0x000014b2       0x13 ./USB_DEVICE/App/usb_device.o
 .debug_rnglists
                0x000014c5       0x32 ./USB_DEVICE/App/usbd_cdc_if.o
 .debug_rnglists
                0x000014f7       0x49 ./USB_DEVICE/App/usbd_desc.o
 .debug_rnglists
                0x00001540       0xc9 ./USB_DEVICE/Target/usbd_conf.o

.debug_macro    0x00000000    0x474d2
 .debug_macro   0x00000000      0x33b ./Common/Src/system_stm32h7xx_dualcore_boot_cm4_cm7.o
 .debug_macro   0x0000033b      0xafc ./Common/Src/system_stm32h7xx_dualcore_boot_cm4_cm7.o
 .debug_macro   0x00000e37       0x2e ./Common/Src/system_stm32h7xx_dualcore_boot_cm4_cm7.o
 .debug_macro   0x00000e65       0x49 ./Common/Src/system_stm32h7xx_dualcore_boot_cm4_cm7.o
 .debug_macro   0x00000eae       0x22 ./Common/Src/system_stm32h7xx_dualcore_boot_cm4_cm7.o
 .debug_macro   0x00000ed0       0x8e ./Common/Src/system_stm32h7xx_dualcore_boot_cm4_cm7.o
 .debug_macro   0x00000f5e       0x51 ./Common/Src/system_stm32h7xx_dualcore_boot_cm4_cm7.o
 .debug_macro   0x00000faf      0x103 ./Common/Src/system_stm32h7xx_dualcore_boot_cm4_cm7.o